main.c:267:5:bumper_game_register	0	static
main.c:272:5:bumper_game_acceleration	0	static
main.c:277:5:bumper_game_over	0	static
main.c:146:6:bumper_signal_error	32	static
main.c:156:6:bumper_signal_debug	0	static
main.c:223:5:bumper_game_new_player	32	static
main.c:231:5:bumper_game_player_move	48	static
main.c:239:5:bumper_game_print	16	static
main.c:174:5:bumper_game_step	56	static
main.c:285:5:bumper_utility_random	16	static
main.c:104:6:HAL_UART_RxCpltCallback	8	static
main.c:140:5:_write	8	static
main.c:247:6:bumper_init_player	0	static
main.c:300:6:bumper_init_referee	0	static
main.c:321:5:check_board_id	16	static
main.c:599:6:SystemClock_Config	96	static
main.c:355:5:main	104	static
main.c:1111:6:Error_Handler	0	static
