stm32f4xx_it.c:78:6:NMI_Handler	0	static
stm32f4xx_it.c:91:6:HardFault_Handler	0	static
stm32f4xx_it.c:106:6:MemManage_Handler	0	static
stm32f4xx_it.c:121:6:BusFault_Handler	0	static
stm32f4xx_it.c:136:6:UsageFault_Handler	0	static
stm32f4xx_it.c:151:6:SVC_Handler	0	static
stm32f4xx_it.c:164:6:DebugMon_Handler	0	static
stm32f4xx_it.c:177:6:PendSV_Handler	0	static
stm32f4xx_it.c:190:6:SysTick_Handler	0	static
stm32f4xx_it.c:211:6:TIM2_IRQHandler	8	static
stm32f4xx_it.c:226:6:USART3_IRQHandler	4	static
stm32f4xx_it.c:293:6:UART5_IRQHandler	0	static
stm32f4xx_it.c:307:6:OTG_FS_IRQHandler	0	static
stm32f4xx_it.c:321:6:USART6_IRQHandler	0	static
