stm32f4xx_hal_msp.c:66:6:HAL_MspInit	8	static
stm32f4xx_hal_msp.c:88:6:HAL_ADC_MspInit	40	static
stm32f4xx_hal_msp.c:121:6:HAL_ADC_MspDeInit	0	static
stm32f4xx_hal_msp.c:149:6:HAL_DAC_MspInit	40	static
stm32f4xx_hal_msp.c:182:6:HAL_DAC_MspDeInit	0	static
stm32f4xx_hal_msp.c:210:6:HAL_I2C_MspInit	48	static
stm32f4xx_hal_msp.c:246:6:HAL_I2C_MspDeInit	0	static
stm32f4xx_hal_msp.c:275:6:HAL_RNG_MspInit	8	static
stm32f4xx_hal_msp.c:297:6:HAL_RNG_MspDeInit	0	static
stm32f4xx_hal_msp.c:319:6:HAL_TIM_Base_MspInit	16	static
stm32f4xx_hal_msp.c:349:6:HAL_TIM_MspPostInit	32	static
stm32f4xx_hal_msp.c:381:6:HAL_TIM_Base_MspDeInit	0	static
stm32f4xx_hal_msp.c:417:6:HAL_UART_MspInit	72	static
stm32f4xx_hal_msp.c:518:6:HAL_UART_MspDeInit	8	static
