xbee.c:63:9:xbee_notify_endtx	0	static
xbee.c:72:6:xbee_frames_copy	16	static
xbee.c:83:6:xbee_frames_pop	16	static
xbee.c:102:6:xbee_frames_push	16	static
xbee.c:136:5:xbee_frames_find	16	static
xbee.c:152:6:xbee_frames_extract	12	static
xbee.c:173:8:xbee_get_recv_event	0	static
xbee.c:175:5:xbee_wait_recv	16	static
xbee.c:232:9:xbee_recv_get_frame_type	0	static
xbee.c:241:9:xbee_checksum	8	static
xbee.c:253:6:xbee_pull_expected	16	static
xbee.c:272:6:xbee_analyse_resp	24	static
xbee.c:337:5:xbee_recv_full_rank	16	static,ignoring_inline_asm
xbee.c:371:5:xbee_recv_full	0	static
xbee.c:378:5:xbee_recv_discard_rank	8	static,ignoring_inline_asm
xbee.c:386:5:xbee_recv_discard	0	static
xbee.c:393:5:xbee_recv	40	static,ignoring_inline_asm
xbee.c:429:6:xbee_notify_recv	8	static
xbee.c:458:5:xbee_AT_check_OK	16	static
xbee.c:474:5:xbee_api_transmit	32	static
xbee.c:527:5:xbee_api_send_to	128	static
xbee.c:572:5:xbee_api_AT16	120	static
xbee.c:598:5:xbee_api_AT8	120	static
xbee.c:194:6:xbee_init	8	static
xbee.c:622:5:xbee_api_ATR	128	static
xbee.c:645:10:xbee_api_read_unique_id	128	static
xbee.c:701:6:xbee_process	0	static
xbee.c:718:5:xbee_AT_configure_API1	16	static
xbee.c:753:6:xbee_log_clear	0	static
xbee.c:759:6:xbee_log	16	static
xbee.c:778:13:xbee_log_get	0	static
xbee.c:783:5:xbee_log_len	0	static
