stm32f4_discovery.c:151:10:BSP_GetVersion	4	static
stm32f4_discovery.c:194:6:BSP_LED_On	16	static
stm32f4_discovery.c:209:6:BSP_LED_Off	16	static
stm32f4_discovery.c:224:6:BSP_LED_Toggle	16	static
stm32f4_discovery.c:287:10:BSP_PB_GetState	16	static
stm32f4_discovery.c:311:13:SPIx_Init	8	static
stm32f4_discovery.c:340:16:SPIx_WriteRead	32	static
stm32f4_discovery.c:359:13:SPIx_Error	8	static
stm32f4_discovery.c:373:13:SPIx_MspInit	40	static
stm32f4_discovery.c:403:6:ACCELERO_IO_Init	32	static
stm32f4_discovery.c:430:6:ACCELERO_IO_ITConfig	32	static
stm32f4_discovery.c:456:6:ACCELERO_IO_Write	16	static
stm32f4_discovery.c:491:6:ACCELERO_IO_Read	16	static
