httpd.c:524:1:http_write	24	static
httpd.c:467:1:http_state_eof	8	static
httpd.c:1632:1:http_get_404_file	16	static
httpd.c:2521:1:http_accept	16	static
httpd.c:2087:1:http_find_file	56	static
httpd.c:1688:1:http_post_rxpbuf	16	static
httpd.c:637:1:http_close_conn	16	static
httpd.c:1067:1:http_check_eof	16	static
httpd.c:1517:1:http_send	48	static
httpd.c:2361:1:http_sent	8	static
httpd.c:2388:1:http_poll	8	static
httpd.c:2436:1:http_recv	88	static
httpd.c:2344:1:http_err	8	static
httpd.c:2562:1:httpd_init	8	static
