Archive member included to satisfy reference by file (symbol)

e:/programmes/stm32cubeide_1.1.0/stm32cubeide/plugins/com.st.stm32cube.ide.mcu.externaltools.gnu-tools-for-stm32.7-2018-q2-update.win32_1.0.0.201904181610/tools/bin/../lib/gcc/arm-none-eabi/7.3.1/../../../../arm-none-eabi/lib/thumb/v7e-m/fpv4-sp/hard\libc_nano.a(lib_a-errno.o)
                              Src/syscalls.o (__errno)
e:/programmes/stm32cubeide_1.1.0/stm32cubeide/plugins/com.st.stm32cube.ide.mcu.externaltools.gnu-tools-for-stm32.7-2018-q2-update.win32_1.0.0.201904181610/tools/bin/../lib/gcc/arm-none-eabi/7.3.1/../../../../arm-none-eabi/lib/thumb/v7e-m/fpv4-sp/hard\libc_nano.a(lib_a-exit.o)
                              e:/programmes/stm32cubeide_1.1.0/stm32cubeide/plugins/com.st.stm32cube.ide.mcu.externaltools.gnu-tools-for-stm32.7-2018-q2-update.win32_1.0.0.201904181610/tools/bin/../lib/gcc/arm-none-eabi/7.3.1/../../../../arm-none-eabi/lib/thumb/v7e-m/fpv4-sp/hard/crt0.o (exit)
e:/programmes/stm32cubeide_1.1.0/stm32cubeide/plugins/com.st.stm32cube.ide.mcu.externaltools.gnu-tools-for-stm32.7-2018-q2-update.win32_1.0.0.201904181610/tools/bin/../lib/gcc/arm-none-eabi/7.3.1/../../../../arm-none-eabi/lib/thumb/v7e-m/fpv4-sp/hard\libc_nano.a(lib_a-impure.o)
                              e:/programmes/stm32cubeide_1.1.0/stm32cubeide/plugins/com.st.stm32cube.ide.mcu.externaltools.gnu-tools-for-stm32.7-2018-q2-update.win32_1.0.0.201904181610/tools/bin/../lib/gcc/arm-none-eabi/7.3.1/../../../../arm-none-eabi/lib/thumb/v7e-m/fpv4-sp/hard\libc_nano.a(lib_a-exit.o) (_global_impure_ptr)
e:/programmes/stm32cubeide_1.1.0/stm32cubeide/plugins/com.st.stm32cube.ide.mcu.externaltools.gnu-tools-for-stm32.7-2018-q2-update.win32_1.0.0.201904181610/tools/bin/../lib/gcc/arm-none-eabi/7.3.1/../../../../arm-none-eabi/lib/thumb/v7e-m/fpv4-sp/hard\libc_nano.a(lib_a-init.o)
                              e:/programmes/stm32cubeide_1.1.0/stm32cubeide/plugins/com.st.stm32cube.ide.mcu.externaltools.gnu-tools-for-stm32.7-2018-q2-update.win32_1.0.0.201904181610/tools/bin/../lib/gcc/arm-none-eabi/7.3.1/../../../../arm-none-eabi/lib/thumb/v7e-m/fpv4-sp/hard/crt0.o (__libc_init_array)
e:/programmes/stm32cubeide_1.1.0/stm32cubeide/plugins/com.st.stm32cube.ide.mcu.externaltools.gnu-tools-for-stm32.7-2018-q2-update.win32_1.0.0.201904181610/tools/bin/../lib/gcc/arm-none-eabi/7.3.1/../../../../arm-none-eabi/lib/thumb/v7e-m/fpv4-sp/hard\libc_nano.a(lib_a-malloc.o)
                              Middlewares/ST/STM32_USB_Host_Library/Class/CDC/Src/usbh_cdc.o (malloc)
e:/programmes/stm32cubeide_1.1.0/stm32cubeide/plugins/com.st.stm32cube.ide.mcu.externaltools.gnu-tools-for-stm32.7-2018-q2-update.win32_1.0.0.201904181610/tools/bin/../lib/gcc/arm-none-eabi/7.3.1/../../../../arm-none-eabi/lib/thumb/v7e-m/fpv4-sp/hard\libc_nano.a(lib_a-memset.o)
                              e:/programmes/stm32cubeide_1.1.0/stm32cubeide/plugins/com.st.stm32cube.ide.mcu.externaltools.gnu-tools-for-stm32.7-2018-q2-update.win32_1.0.0.201904181610/tools/bin/../lib/gcc/arm-none-eabi/7.3.1/../../../../arm-none-eabi/lib/thumb/v7e-m/fpv4-sp/hard/crt0.o (memset)
e:/programmes/stm32cubeide_1.1.0/stm32cubeide/plugins/com.st.stm32cube.ide.mcu.externaltools.gnu-tools-for-stm32.7-2018-q2-update.win32_1.0.0.201904181610/tools/bin/../lib/gcc/arm-none-eabi/7.3.1/../../../../arm-none-eabi/lib/thumb/v7e-m/fpv4-sp/hard\libc_nano.a(lib_a-nano-freer.o)
                              e:/programmes/stm32cubeide_1.1.0/stm32cubeide/plugins/com.st.stm32cube.ide.mcu.externaltools.gnu-tools-for-stm32.7-2018-q2-update.win32_1.0.0.201904181610/tools/bin/../lib/gcc/arm-none-eabi/7.3.1/../../../../arm-none-eabi/lib/thumb/v7e-m/fpv4-sp/hard\libc_nano.a(lib_a-malloc.o) (_free_r)
e:/programmes/stm32cubeide_1.1.0/stm32cubeide/plugins/com.st.stm32cube.ide.mcu.externaltools.gnu-tools-for-stm32.7-2018-q2-update.win32_1.0.0.201904181610/tools/bin/../lib/gcc/arm-none-eabi/7.3.1/../../../../arm-none-eabi/lib/thumb/v7e-m/fpv4-sp/hard\libc_nano.a(lib_a-nano-mallocr.o)
                              e:/programmes/stm32cubeide_1.1.0/stm32cubeide/plugins/com.st.stm32cube.ide.mcu.externaltools.gnu-tools-for-stm32.7-2018-q2-update.win32_1.0.0.201904181610/tools/bin/../lib/gcc/arm-none-eabi/7.3.1/../../../../arm-none-eabi/lib/thumb/v7e-m/fpv4-sp/hard\libc_nano.a(lib_a-malloc.o) (_malloc_r)
e:/programmes/stm32cubeide_1.1.0/stm32cubeide/plugins/com.st.stm32cube.ide.mcu.externaltools.gnu-tools-for-stm32.7-2018-q2-update.win32_1.0.0.201904181610/tools/bin/../lib/gcc/arm-none-eabi/7.3.1/../../../../arm-none-eabi/lib/thumb/v7e-m/fpv4-sp/hard\libc_nano.a(lib_a-sbrkr.o)
                              e:/programmes/stm32cubeide_1.1.0/stm32cubeide/plugins/com.st.stm32cube.ide.mcu.externaltools.gnu-tools-for-stm32.7-2018-q2-update.win32_1.0.0.201904181610/tools/bin/../lib/gcc/arm-none-eabi/7.3.1/../../../../arm-none-eabi/lib/thumb/v7e-m/fpv4-sp/hard\libc_nano.a(lib_a-nano-mallocr.o) (_sbrk_r)
[...]
Memory Configuration

Name             Origin             Length             Attributes
CCMRAM           0x0000000010000000 0x0000000000010000 xrw
RAM              0x0000000020000000 0x0000000000020000 xrw
FLASH            0x0000000008000000 0x0000000000100000 xr
*default*        0x0000000000000000 0xffffffffffffffff

Linker script and memory map

LOAD e:/programmes/stm32cubeide_1.1.0/stm32cubeide/plugins/com.st.stm32cube.ide.mcu.externaltools.gnu-tools-for-stm32.7-2018-q2-update.win32_1.0.0.201904181610/tools/bin/../lib/gcc/arm-none-eabi/7.3.1/thumb/v7e-m/fpv4-sp/hard/crti.o
LOAD e:/programmes/stm32cubeide_1.1.0/stm32cubeide/plugins/com.st.stm32cube.ide.mcu.externaltools.gnu-tools-for-stm32.7-2018-q2-update.win32_1.0.0.201904181610/tools/bin/../lib/gcc/arm-none-eabi/7.3.1/thumb/v7e-m/fpv4-sp/hard/crtbegin.o
LOAD e:/programmes/stm32cubeide_1.1.0/stm32cubeide/plugins/com.st.stm32cube.ide.mcu.externaltools.gnu-tools-for-stm32.7-2018-q2-update.win32_1.0.0.201904181610/tools/bin/../lib/gcc/arm-none-eabi/7.3.1/../../../../arm-none-eabi/lib/thumb/v7e-m/fpv4-sp/hard/crt0.o
LOAD Drivers/BSP/Components/lis302dl/lis302dl.o
LOAD Drivers/BSP/Components/lis3dsh/lis3dsh.o
LOAD Drivers/BSP/STM32F4-Discovery/stm32f4_discovery.o
LOAD Drivers/BSP/STM32F4-Discovery/stm32f4_discovery_accelerometer.o
LOAD Drivers/STM32F4xx_HAL_Driver/Src/stm32f4xx_hal.o
LOAD Drivers/STM32F4xx_HAL_Driver/Src/stm32f4xx_hal_cortex.o
LOAD Drivers/STM32F4xx_HAL_Driver/Src/stm32f4xx_hal_dma.o
LOAD Drivers/STM32F4xx_HAL_Driver/Src/stm32f4xx_hal_dma_ex.o
LOAD Drivers/STM32F4xx_HAL_Driver/Src/stm32f4xx_hal_exti.o
LOAD Drivers/STM32F4xx_HAL_Driver/Src/stm32f4xx_hal_flash.o
LOAD Drivers/STM32F4xx_HAL_Driver/Src/stm32f4xx_hal_flash_ex.o
LOAD Drivers/STM32F4xx_HAL_Driver/Src/stm32f4xx_hal_flash_ramfunc.o
LOAD Drivers/STM32F4xx_HAL_Driver/Src/stm32f4xx_hal_gpio.o
LOAD Drivers/STM32F4xx_HAL_Driver/Src/stm32f4xx_hal_hcd.o
LOAD Drivers/STM32F4xx_HAL_Driver/Src/stm32f4xx_hal_i2c.o
LOAD Drivers/STM32F4xx_HAL_Driver/Src/stm32f4xx_hal_i2c_ex.o
LOAD Drivers/STM32F4xx_HAL_Driver/Src/stm32f4xx_hal_pwr.o
LOAD Drivers/STM32F4xx_HAL_Driver/Src/stm32f4xx_hal_pwr_ex.o
LOAD Drivers/STM32F4xx_HAL_Driver/Src/stm32f4xx_hal_rcc.o
LOAD Drivers/STM32F4xx_HAL_Driver/Src/stm32f4xx_hal_rcc_ex.o
LOAD Drivers/STM32F4xx_HAL_Driver/Src/stm32f4xx_hal_spi.o
LOAD Drivers/STM32F4xx_HAL_Driver/Src/stm32f4xx_hal_tim.o
LOAD Drivers/STM32F4xx_HAL_Driver/Src/stm32f4xx_hal_tim_ex.o
LOAD Drivers/STM32F4xx_HAL_Driver/Src/stm32f4xx_hal_uart.o
LOAD Drivers/STM32F4xx_HAL_Driver/Src/stm32f4xx_ll_usb.o
LOAD Middlewares/ST/STM32_USB_Host_Library/Class/CDC/Src/usbh_cdc.o
LOAD Middlewares/ST/STM32_USB_Host_Library/Core/Src/usbh_core.o
LOAD Middlewares/ST/STM32_USB_Host_Library/Core/Src/usbh_ctlreq.o
LOAD Middlewares/ST/STM32_USB_Host_Library/Core/Src/usbh_ioreq.o
LOAD Middlewares/ST/STM32_USB_Host_Library/Core/Src/usbh_pipes.o
LOAD Src/event.o
LOAD Src/main.o
LOAD Src/mems.o
LOAD Src/stm32f4xx_hal_msp.o
LOAD Src/stm32f4xx_it.o
LOAD Src/syscalls.o
LOAD Src/sysmem.o
LOAD Src/system_stm32f4xx.o
LOAD Src/usb_host.o
LOAD Src/usbh_conf.o
LOAD Src/usbh_platform.o
LOAD Startup/startup_stm32f407vgtx.o
START GROUP
LOAD e:/programmes/stm32cubeide_1.1.0/stm32cubeide/plugins/com.st.stm32cube.ide.mcu.externaltools.gnu-tools-for-stm32.7-2018-q2-update.win32_1.0.0.201904181610/tools/bin/../lib/gcc/arm-none-eabi/7.3.1/../../../../arm-none-eabi/lib/thumb/v7e-m/fpv4-sp/hard\libc_nano.a
LOAD e:/programmes/stm32cubeide_1.1.0/stm32cubeide/plugins/com.st.stm32cube.ide.mcu.externaltools.gnu-tools-for-stm32.7-2018-q2-update.win32_1.0.0.201904181610/tools/bin/../lib/gcc/arm-none-eabi/7.3.1/../../../../arm-none-eabi/lib/thumb/v7e-m/fpv4-sp/hard\libm.a
END GROUP
START GROUP
LOAD e:/programmes/stm32cubeide_1.1.0/stm32cubeide/plugins/com.st.stm32cube.ide.mcu.externaltools.gnu-tools-for-stm32.7-2018-q2-update.win32_1.0.0.201904181610/tools/bin/../lib/gcc/arm-none-eabi/7.3.1/thumb/v7e-m/fpv4-sp/hard\libgcc.a
LOAD e:/programmes/stm32cubeide_1.1.0/stm32cubeide/plugins/com.st.stm32cube.ide.mcu.externaltools.gnu-tools-for-stm32.7-2018-q2-update.win32_1.0.0.201904181610/tools/bin/../lib/gcc/arm-none-eabi/7.3.1/../../../../arm-none-eabi/lib/thumb/v7e-m/fpv4-sp/hard\libc_nano.a
END GROUP
START GROUP
LOAD e:/programmes/stm32cubeide_1.1.0/stm32cubeide/plugins/com.st.stm32cube.ide.mcu.externaltools.gnu-tools-for-stm32.7-2018-q2-update.win32_1.0.0.201904181610/tools/bin/../lib/gcc/arm-none-eabi/7.3.1/thumb/v7e-m/fpv4-sp/hard\libgcc.a
LOAD e:/programmes/stm32cubeide_1.1.0/stm32cubeide/plugins/com.st.stm32cube.ide.mcu.externaltools.gnu-tools-for-stm32.7-2018-q2-update.win32_1.0.0.201904181610/tools/bin/../lib/gcc/arm-none-eabi/7.3.1/../../../../arm-none-eabi/lib/thumb/v7e-m/fpv4-sp/hard\libc_nano.a
LOAD e:/programmes/stm32cubeide_1.1.0/stm32cubeide/plugins/com.st.stm32cube.ide.mcu.externaltools.gnu-tools-for-stm32.7-2018-q2-update.win32_1.0.0.201904181610/tools/bin/../lib/gcc/arm-none-eabi/7.3.1/../../../../arm-none-eabi/lib/thumb/v7e-m/fpv4-sp/hard\libnosys.a
END GROUP
START GROUP
LOAD e:/programmes/stm32cubeide_1.1.0/stm32cubeide/plugins/com.st.stm32cube.ide.mcu.externaltools.gnu-tools-for-stm32.7-2018-q2-update.win32_1.0.0.201904181610/tools/bin/../lib/gcc/arm-none-eabi/7.3.1/thumb/v7e-m/fpv4-sp/hard\libgcc.a
LOAD e:/programmes/stm32cubeide_1.1.0/stm32cubeide/plugins/com.st.stm32cube.ide.mcu.externaltools.gnu-tools-for-stm32.7-2018-q2-update.win32_1.0.0.201904181610/tools/bin/../lib/gcc/arm-none-eabi/7.3.1/../../../../arm-none-eabi/lib/thumb/v7e-m/fpv4-sp/hard\libc_nano.a
LOAD e:/programmes/stm32cubeide_1.1.0/stm32cubeide/plugins/com.st.stm32cube.ide.mcu.externaltools.gnu-tools-for-stm32.7-2018-q2-update.win32_1.0.0.201904181610/tools/bin/../lib/gcc/arm-none-eabi/7.3.1/../../../../arm-none-eabi/lib/thumb/v7e-m/fpv4-sp/hard\libnosys.a
END GROUP
LOAD e:/programmes/stm32cubeide_1.1.0/stm32cubeide/plugins/com.st.stm32cube.ide.mcu.externaltools.gnu-tools-for-stm32.7-2018-q2-update.win32_1.0.0.201904181610/tools/bin/../lib/gcc/arm-none-eabi/7.3.1/thumb/v7e-m/fpv4-sp/hard/crtend.o
LOAD e:/programmes/stm32cubeide_1.1.0/stm32cubeide/plugins/com.st.stm32cube.ide.mcu.externaltools.gnu-tools-for-stm32.7-2018-q2-update.win32_1.0.0.201904181610/tools/bin/../lib/gcc/arm-none-eabi/7.3.1/thumb/v7e-m/fpv4-sp/hard/crtn.o
                0x0000000020020000                _estack = (ORIGIN (RAM) + LENGTH (RAM))
                0x0000000000000200                _Min_Heap_Size = 0x200
                0x0000000000000400                _Min_Stack_Size = 0x400

.isr_vector     0x0000000008000000      0x188
                0x0000000008000000                . = ALIGN (0x4)
 *(.isr_vector)
 .isr_vector    0x0000000008000000      0x188 Startup/startup_stm32f407vgtx.o
                0x0000000008000000                g_pfnVectors
                0x0000000008000188                . = ALIGN (0x4)

.text           0x0000000008000188     0x9434
                0x0000000008000188                . = ALIGN (0x4)
 *(.text)
 .text          0x0000000008000188       0x40 e:/programmes/stm32cubeide_1.1.0/stm32cubeide/plugins/com.st.stm32cube.ide.mcu.externaltools.gnu-tools-for-stm32.7-2018-q2-update.win32_1.0.0.201904181610/tools/bin/../lib/gcc/arm-none-eabi/7.3.1/thumb/v7e-m/fpv4-sp/hard/crtbegin.o
 .text          0x00000000080001c8       0x30 e:/programmes/stm32cubeide_1.1.0/stm32cubeide/plugins/com.st.stm32cube.ide.mcu.externaltools.gnu-tools-for-stm32.7-2018-q2-update.win32_1.0.0.201904181610/tools/bin/../lib/gcc/arm-none-eabi/7.3.1/thumb/v7e-m/fpv4-sp/hard\libgcc.a(_aeabi_uldivmod.o)
                0x00000000080001c8                __aeabi_uldivmod
 .text          0x00000000080001f8      0x2cc e:/programmes/stm32cubeide_1.1.0/stm32cubeide/plugins/com.st.stm32cube.ide.mcu.externaltools.gnu-tools-for-stm32.7-2018-q2-update.win32_1.0.0.201904181610/tools/bin/../lib/gcc/arm-none-eabi/7.3.1/thumb/v7e-m/fpv4-sp/hard\libgcc.a(_udivmoddi4.o)
                0x00000000080001f8                __udivmoddi4
 .text          0x00000000080004c4        0x4 e:/programmes/stm32cubeide_1.1.0/stm32cubeide/plugins/com.st.stm32cube.ide.mcu.externaltools.gnu-tools-for-stm32.7-2018-q2-update.win32_1.0.0.201904181610/tools/bin/../lib/gcc/arm-none-eabi/7.3.1/thumb/v7e-m/fpv4-sp/hard\libgcc.a(_dvmd_tls.o)
                0x00000000080004c4                __aeabi_idiv0
                0x00000000080004c4                __aeabi_ldiv0
 *(.text*)
 .text.LIS302DL_Init
                0x00000000080004c8       0x2e Drivers/BSP/Components/lis302dl/lis302dl.o
                0x00000000080004c8                LIS302DL_Init
 .text.LIS302DL_ReadID
                0x00000000080004f6       0x24 Drivers/BSP/Components/lis302dl/lis302dl.o
                0x00000000080004f6                LIS302DL_ReadID
 .text.LIS302DL_FilterConfig
                0x000000000800051a       0x46 Drivers/BSP/Components/lis302dl/lis302dl.o
                0x000000000800051a                LIS302DL_FilterConfig
 .text.LIS302DL_InterruptConfig
                0x0000000008000560       0x46 Drivers/BSP/Components/lis302dl/lis302dl.o
                0x0000000008000560                LIS302DL_InterruptConfig
 .text.LIS302DL_Click_IntConfig
                0x00000000080005a6       0xaa Drivers/BSP/Components/lis302dl/lis302dl.o
                0x00000000080005a6                LIS302DL_Click_IntConfig
 .text.LIS302DL_Click_IntClear
                0x0000000008000650       0x2c Drivers/BSP/Components/lis302dl/lis302dl.o
                0x0000000008000650                LIS302DL_Click_IntClear
 .text.LIS302DL_RebootCmd
                0x000000000800067c       0x30 Drivers/BSP/Components/lis302dl/lis302dl.o
                0x000000000800067c                LIS302DL_RebootCmd
 .text.LIS302DL_ReadACC
                0x00000000080006ac       0xb8 Drivers/BSP/Components/lis302dl/lis302dl.o
                0x00000000080006ac                LIS302DL_ReadACC
 .text.LIS3DSH_Init
                0x0000000008000764       0x46 Drivers/BSP/Components/lis3dsh/lis3dsh.o
                0x0000000008000764                LIS3DSH_Init
 .text.LIS3DSH_ReadID
                0x00000000080007aa       0x24 Drivers/BSP/Components/lis3dsh/lis3dsh.o
                0x00000000080007aa                LIS3DSH_ReadID
 .text.LIS3DSH_InterruptConfig
                0x00000000080007ce       0x70 Drivers/BSP/Components/lis3dsh/lis3dsh.o
                0x00000000080007ce                LIS3DSH_InterruptConfig
 .text.LIS3DSH_Click_IntConfig
                0x000000000800083e       0xde Drivers/BSP/Components/lis3dsh/lis3dsh.o
                0x000000000800083e                LIS3DSH_Click_IntConfig
 .text.LIS3DSH_RebootCmd
                0x000000000800091c       0x30 Drivers/BSP/Components/lis3dsh/lis3dsh.o
                0x000000000800091c                LIS3DSH_RebootCmd
 .text.LIS3DSH_ReadACC
                0x000000000800094c      0x1b4 Drivers/BSP/Components/lis3dsh/lis3dsh.o
                0x000000000800094c                LIS3DSH_ReadACC
 .text.BSP_LED_On
                0x0000000008000b00       0x34 Drivers/BSP/STM32F4-Discovery/stm32f4_discovery.o
                0x0000000008000b00                BSP_LED_On
 .text.BSP_LED_Off
                0x0000000008000b34       0x34 Drivers/BSP/STM32F4-Discovery/stm32f4_discovery.o
                0x0000000008000b34                BSP_LED_Off
 .text.SPIx_Init
                0x0000000008000b68       0x74 Drivers/BSP/STM32F4-Discovery/stm32f4_discovery.o
 .text.SPIx_WriteRead
                0x0000000008000bdc       0x40 Drivers/BSP/STM32F4-Discovery/stm32f4_discovery.o
 .text.SPIx_Error
                0x0000000008000c1c       0x18 Drivers/BSP/STM32F4-Discovery/stm32f4_discovery.o
 .text.SPIx_MspInit
                0x0000000008000c34       0x70 Drivers/BSP/STM32F4-Discovery/stm32f4_discovery.o
 .text.ACCELERO_IO_Init
                0x0000000008000ca4       0x5c Drivers/BSP/STM32F4-Discovery/stm32f4_discovery.o
                0x0000000008000ca4                ACCELERO_IO_Init
 .text.ACCELERO_IO_ITConfig
                0x0000000008000d00       0x60 Drivers/BSP/STM32F4-Discovery/stm32f4_discovery.o
                0x0000000008000d00                ACCELERO_IO_ITConfig
 .text.ACCELERO_IO_Write
                0x0000000008000d60       0x64 Drivers/BSP/STM32F4-Discovery/stm32f4_discovery.o
                0x0000000008000d60                ACCELERO_IO_Write
 .text.ACCELERO_IO_Read
                0x0000000008000dc4       0x74 Drivers/BSP/STM32F4-Discovery/stm32f4_discovery.o
                0x0000000008000dc4                ACCELERO_IO_Read
 .text.BSP_ACCELERO_Init
                0x0000000008000e38      0x118 Drivers/BSP/STM32F4-Discovery/stm32f4_discovery_accelerometer.o
                0x0000000008000e38                BSP_ACCELERO_Init
 .text.BSP_ACCELERO_GetXYZ
                0x0000000008000f50       0x58 Drivers/BSP/STM32F4-Discovery/stm32f4_discovery_accelerometer.o
                0x0000000008000f50                BSP_ACCELERO_GetXYZ
 .text.HAL_Init
                0x0000000008000fa8       0x44 Drivers/STM32F4xx_HAL_Driver/Src/stm32f4xx_hal.o
                0x0000000008000fa8                HAL_Init
 .text.HAL_InitTick
                0x0000000008000fec       0x60 Drivers/STM32F4xx_HAL_Driver/Src/stm32f4xx_hal.o
                0x0000000008000fec                HAL_InitTick
 .text.HAL_IncTick
                0x000000000800104c       0x28 Drivers/STM32F4xx_HAL_Driver/Src/stm32f4xx_hal.o
                0x000000000800104c                HAL_IncTick
 .text.HAL_GetTick
                0x0000000008001074       0x18 Drivers/STM32F4xx_HAL_Driver/Src/stm32f4xx_hal.o
                0x0000000008001074                HAL_GetTick
 .text.HAL_Delay
                0x000000000800108c       0x44 Drivers/STM32F4xx_HAL_Driver/Src/stm32f4xx_hal.o
                0x000000000800108c                HAL_Delay
 .text.__NVIC_SetPriorityGrouping
                0x00000000080010d0       0x48 Drivers/STM32F4xx_HAL_Driver/Src/stm32f4xx_hal_cortex.o
 .text.__NVIC_GetPriorityGrouping
                0x0000000008001118       0x1c Drivers/STM32F4xx_HAL_Driver/Src/stm32f4xx_hal_cortex.o
 .text.__NVIC_EnableIRQ
                0x0000000008001134       0x3c Drivers/STM32F4xx_HAL_Driver/Src/stm32f4xx_hal_cortex.o
 .text.__NVIC_SetPriority
                0x0000000008001170       0x54 Drivers/STM32F4xx_HAL_Driver/Src/stm32f4xx_hal_cortex.o
 .text.NVIC_EncodePriority
                0x00000000080011c4       0x66 Drivers/STM32F4xx_HAL_Driver/Src/stm32f4xx_hal_cortex.o
 *fill*         0x000000000800122a        0x2 
 .text.SysTick_Config
                0x000000000800122c       0x44 Drivers/STM32F4xx_HAL_Driver/Src/stm32f4xx_hal_cortex.o
 .text.HAL_NVIC_SetPriorityGrouping
                0x0000000008001270       0x16 Drivers/STM32F4xx_HAL_Driver/Src/stm32f4xx_hal_cortex.o
                0x0000000008001270                HAL_NVIC_SetPriorityGrouping
 .text.HAL_NVIC_SetPriority
                0x0000000008001286       0x38 Drivers/STM32F4xx_HAL_Driver/Src/stm32f4xx_hal_cortex.o
                0x0000000008001286                HAL_NVIC_SetPriority
 .text.HAL_NVIC_EnableIRQ
                0x00000000080012be       0x1c Drivers/STM32F4xx_HAL_Driver/Src/stm32f4xx_hal_cortex.o
                0x00000000080012be                HAL_NVIC_EnableIRQ
 .text.HAL_SYSTICK_Config
                0x00000000080012da       0x18 Drivers/STM32F4xx_HAL_Driver/Src/stm32f4xx_hal_cortex.o
                0x00000000080012da                HAL_SYSTICK_Config
 .text.HAL_DMA_Abort_IT
                0x00000000080012f2       0x44 Drivers/STM32F4xx_HAL_Driver/Src/stm32f4xx_hal_dma.o
                0x00000000080012f2                HAL_DMA_Abort_IT
 *fill*         0x0000000008001336        0x2 
 .text.HAL_GPIO_Init
                0x0000000008001338      0x334 Drivers/STM32F4xx_HAL_Driver/Src/stm32f4xx_hal_gpio.o
                0x0000000008001338                HAL_GPIO_Init
 .text.HAL_GPIO_DeInit
                0x000000000800166c      0x1f4 Drivers/STM32F4xx_HAL_Driver/Src/stm32f4xx_hal_gpio.o
                0x000000000800166c                HAL_GPIO_DeInit
 .text.HAL_GPIO_WritePin
                0x0000000008001860       0x32 Drivers/STM32F4xx_HAL_Driver/Src/stm32f4xx_hal_gpio.o
                0x0000000008001860                HAL_GPIO_WritePin
 .text.HAL_HCD_Init
                0x0000000008001892       0xc4 Drivers/STM32F4xx_HAL_Driver/Src/stm32f4xx_hal_hcd.o
                0x0000000008001892                HAL_HCD_Init
 .text.HAL_HCD_HC_Init
                0x0000000008001956      0x130 Drivers/STM32F4xx_HAL_Driver/Src/stm32f4xx_hal_hcd.o
                0x0000000008001956                HAL_HCD_HC_Init
 .text.HAL_HCD_HC_Halt
                0x0000000008001a86       0x46 Drivers/STM32F4xx_HAL_Driver/Src/stm32f4xx_hal_hcd.o
                0x0000000008001a86                HAL_HCD_HC_Halt
 .text.HAL_HCD_HC_SubmitRequest
                0x0000000008001acc      0x2d0 Drivers/STM32F4xx_HAL_Driver/Src/stm32f4xx_hal_hcd.o
                0x0000000008001acc                HAL_HCD_HC_SubmitRequest
 .text.HAL_HCD_IRQHandler
                0x0000000008001d9c      0x20c Drivers/STM32F4xx_HAL_Driver/Src/stm32f4xx_hal_hcd.o
                0x0000000008001d9c                HAL_HCD_IRQHandler
 .text.HAL_HCD_Start
                0x0000000008001fa8       0x46 Drivers/STM32F4xx_HAL_Driver/Src/stm32f4xx_hal_hcd.o
                0x0000000008001fa8                HAL_HCD_Start
 .text.HAL_HCD_Stop
                0x0000000008001fee       0x3a Drivers/STM32F4xx_HAL_Driver/Src/stm32f4xx_hal_hcd.o
                0x0000000008001fee                HAL_HCD_Stop
 .text.HAL_HCD_ResetPort
                0x0000000008002028       0x1c Drivers/STM32F4xx_HAL_Driver/Src/stm32f4xx_hal_hcd.o
                0x0000000008002028                HAL_HCD_ResetPort
 .text.HAL_HCD_HC_GetURBState
                0x0000000008002044       0x2a Drivers/STM32F4xx_HAL_Driver/Src/stm32f4xx_hal_hcd.o
                0x0000000008002044                HAL_HCD_HC_GetURBState
 .text.HAL_HCD_HC_GetXferCount
                0x000000000800206e       0x2a Drivers/STM32F4xx_HAL_Driver/Src/stm32f4xx_hal_hcd.o
                0x000000000800206e                HAL_HCD_HC_GetXferCount
 .text.HAL_HCD_GetCurrentFrame
                0x0000000008002098       0x1c Drivers/STM32F4xx_HAL_Driver/Src/stm32f4xx_hal_hcd.o
                0x0000000008002098                HAL_HCD_GetCurrentFrame
 .text.HAL_HCD_GetCurrentSpeed
                0x00000000080020b4       0x1c Drivers/STM32F4xx_HAL_Driver/Src/stm32f4xx_hal_hcd.o
                0x00000000080020b4                HAL_HCD_GetCurrentSpeed
 .text.HCD_HC_IN_IRQHandler
                0x00000000080020d0      0x72e Drivers/STM32F4xx_HAL_Driver/Src/stm32f4xx_hal_hcd.o
 .text.HCD_HC_OUT_IRQHandler
                0x00000000080027fe      0x6ea Drivers/STM32F4xx_HAL_Driver/Src/stm32f4xx_hal_hcd.o
 .text.HCD_RXQLVL_IRQHandler
                0x0000000008002ee8      0x158 Drivers/STM32F4xx_HAL_Driver/Src/stm32f4xx_hal_hcd.o
 .text.HCD_Port_IRQHandler
                0x0000000008003040      0x120 Drivers/STM32F4xx_HAL_Driver/Src/stm32f4xx_hal_hcd.o
 .text.HAL_I2C_Init
                0x0000000008003160      0x270 Drivers/STM32F4xx_HAL_Driver/Src/stm32f4xx_hal_i2c.o
                0x0000000008003160                HAL_I2C_Init
 .text.HAL_RCC_OscConfig
                0x00000000080033d0      0x4e0 Drivers/STM32F4xx_HAL_Driver/Src/stm32f4xx_hal_rcc.o
                0x00000000080033d0                HAL_RCC_OscConfig
 .text.HAL_RCC_ClockConfig
                0x00000000080038b0      0x1cc Drivers/STM32F4xx_HAL_Driver/Src/stm32f4xx_hal_rcc.o
                0x00000000080038b0                HAL_RCC_ClockConfig
 .text.HAL_RCC_GetSysClockFreq
                0x0000000008003a7c      0x1b0 Drivers/STM32F4xx_HAL_Driver/Src/stm32f4xx_hal_rcc.o
                0x0000000008003a7c                HAL_RCC_GetSysClockFreq
 .text.HAL_RCC_GetHCLKFreq
                0x0000000008003c2c       0x18 Drivers/STM32F4xx_HAL_Driver/Src/stm32f4xx_hal_rcc.o
                0x0000000008003c2c                HAL_RCC_GetHCLKFreq
 .text.HAL_RCC_GetPCLK1Freq
                0x0000000008003c44       0x28 Drivers/STM32F4xx_HAL_Driver/Src/stm32f4xx_hal_rcc.o
                0x0000000008003c44                HAL_RCC_GetPCLK1Freq
 .text.HAL_RCC_GetPCLK2Freq
                0x0000000008003c6c       0x28 Drivers/STM32F4xx_HAL_Driver/Src/stm32f4xx_hal_rcc.o
                0x0000000008003c6c                HAL_RCC_GetPCLK2Freq
 .text.HAL_SPI_Init
                0x0000000008003c94       0xc8 Drivers/STM32F4xx_HAL_Driver/Src/stm32f4xx_hal_spi.o
                0x0000000008003c94                HAL_SPI_Init
 .text.HAL_SPI_DeInit
                0x0000000008003d5c       0x50 Drivers/STM32F4xx_HAL_Driver/Src/stm32f4xx_hal_spi.o
                0x0000000008003d5c                HAL_SPI_DeInit
 .text.HAL_SPI_TransmitReceive
                0x0000000008003dac      0x344 Drivers/STM32F4xx_HAL_Driver/Src/stm32f4xx_hal_spi.o
                0x0000000008003dac                HAL_SPI_TransmitReceive
 .text.HAL_SPI_GetState
                0x00000000080040f0       0x1c Drivers/STM32F4xx_HAL_Driver/Src/stm32f4xx_hal_spi.o
                0x00000000080040f0                HAL_SPI_GetState
 .text.SPI_WaitFlagStateUntilTimeout
                0x000000000800410c       0xd4 Drivers/STM32F4xx_HAL_Driver/Src/stm32f4xx_hal_spi.o
 .text.SPI_EndRxTxTransaction
                0x00000000080041e0       0x84 Drivers/STM32F4xx_HAL_Driver/Src/stm32f4xx_hal_spi.o
 .text.HAL_TIM_Base_Init
                0x0000000008004264       0x56 Drivers/STM32F4xx_HAL_Driver/Src/stm32f4xx_hal_tim.o
                0x0000000008004264                HAL_TIM_Base_Init
 .text.HAL_TIM_Base_Start_IT
                0x00000000080042ba       0x48 Drivers/STM32F4xx_HAL_Driver/Src/stm32f4xx_hal_tim.o
                0x00000000080042ba                HAL_TIM_Base_Start_IT
 .text.HAL_TIM_IRQHandler
                0x0000000008004302      0x210 Drivers/STM32F4xx_HAL_Driver/Src/stm32f4xx_hal_tim.o
                0x0000000008004302                HAL_TIM_IRQHandler
 .text.HAL_TIM_ConfigClockSource
                0x0000000008004512      0x16e Drivers/STM32F4xx_HAL_Driver/Src/stm32f4xx_hal_tim.o
                0x0000000008004512                HAL_TIM_ConfigClockSource
 .text.HAL_TIM_PeriodElapsedCallback
                0x0000000008004680       0x14 Drivers/STM32F4xx_HAL_Driver/Src/stm32f4xx_hal_tim.o
                0x0000000008004680                HAL_TIM_PeriodElapsedCallback
 .text.HAL_TIM_OC_DelayElapsedCallback
                0x0000000008004694       0x14 Drivers/STM32F4xx_HAL_Driver/Src/stm32f4xx_hal_tim.o
                0x0000000008004694                HAL_TIM_OC_DelayElapsedCallback
 .text.HAL_TIM_IC_CaptureCallback
                0x00000000080046a8       0x14 Drivers/STM32F4xx_HAL_Driver/Src/stm32f4xx_hal_tim.o
                0x00000000080046a8                HAL_TIM_IC_CaptureCallback
 .text.HAL_TIM_PWM_PulseFinishedCallback
                0x00000000080046bc       0x14 Drivers/STM32F4xx_HAL_Driver/Src/stm32f4xx_hal_tim.o
                0x00000000080046bc                HAL_TIM_PWM_PulseFinishedCallback
 .text.HAL_TIM_TriggerCallback
                0x00000000080046d0       0x14 Drivers/STM32F4xx_HAL_Driver/Src/stm32f4xx_hal_tim.o
                0x00000000080046d0                HAL_TIM_TriggerCallback
 .text.TIM_Base_SetConfig
                0x00000000080046e4      0x140 Drivers/STM32F4xx_HAL_Driver/Src/stm32f4xx_hal_tim.o
                0x00000000080046e4                TIM_Base_SetConfig
 .text.TIM_TI1_ConfigInputStage
                0x0000000008004824       0x5e Drivers/STM32F4xx_HAL_Driver/Src/stm32f4xx_hal_tim.o
 .text.TIM_TI2_ConfigInputStage
                0x0000000008004882       0x60 Drivers/STM32F4xx_HAL_Driver/Src/stm32f4xx_hal_tim.o
 .text.TIM_ITRx_SetConfig
                0x00000000080048e2       0x36 Drivers/STM32F4xx_HAL_Driver/Src/stm32f4xx_hal_tim.o
 .text.TIM_ETR_SetConfig
                0x0000000008004918       0x40 Drivers/STM32F4xx_HAL_Driver/Src/stm32f4xx_hal_tim.o
                0x0000000008004918                TIM_ETR_SetConfig
 .text.HAL_TIMEx_MasterConfigSynchronization
                0x0000000008004958       0xf8 Drivers/STM32F4xx_HAL_Driver/Src/stm32f4xx_hal_tim_ex.o
                0x0000000008004958                HAL_TIMEx_MasterConfigSynchronization
 .text.HAL_TIMEx_CommutCallback
                0x0000000008004a50       0x14 Drivers/STM32F4xx_HAL_Driver/Src/stm32f4xx_hal_tim_ex.o
                0x0000000008004a50                HAL_TIMEx_CommutCallback
 .text.HAL_TIMEx_BreakCallback
                0x0000000008004a64       0x14 Drivers/STM32F4xx_HAL_Driver/Src/stm32f4xx_hal_tim_ex.o
                0x0000000008004a64                HAL_TIMEx_BreakCallback
 .text.HAL_UART_Init
                0x0000000008004a78       0x9a Drivers/STM32F4xx_HAL_Driver/Src/stm32f4xx_hal_uart.o
                0x0000000008004a78                HAL_UART_Init
 .text.HAL_UART_Transmit
                0x0000000008004b12      0x132 Drivers/STM32F4xx_HAL_Driver/Src/stm32f4xx_hal_uart.o
                0x0000000008004b12                HAL_UART_Transmit
 .text.HAL_UART_IRQHandler
                0x0000000008004c44      0x200 Drivers/STM32F4xx_HAL_Driver/Src/stm32f4xx_hal_uart.o
                0x0000000008004c44                HAL_UART_IRQHandler
 .text.HAL_UART_TxCpltCallback
                0x0000000008004e44       0x14 Drivers/STM32F4xx_HAL_Driver/Src/stm32f4xx_hal_uart.o
                0x0000000008004e44                HAL_UART_TxCpltCallback
 .text.HAL_UART_RxCpltCallback
                0x0000000008004e58       0x14 Drivers/STM32F4xx_HAL_Driver/Src/stm32f4xx_hal_uart.o
                0x0000000008004e58                HAL_UART_RxCpltCallback
 .text.HAL_UART_ErrorCallback
                0x0000000008004e6c       0x14 Drivers/STM32F4xx_HAL_Driver/Src/stm32f4xx_hal_uart.o
                0x0000000008004e6c                HAL_UART_ErrorCallback
 .text.UART_WaitOnFlagUntilTimeout
                0x0000000008004e80       0x94 Drivers/STM32F4xx_HAL_Driver/Src/stm32f4xx_hal_uart.o
 .text.UART_EndRxTransfer
                0x0000000008004f14       0x3c Drivers/STM32F4xx_HAL_Driver/Src/stm32f4xx_hal_uart.o
 .text.UART_DMAAbortOnError
                0x0000000008004f50       0x28 Drivers/STM32F4xx_HAL_Driver/Src/stm32f4xx_hal_uart.o
 .text.UART_Transmit_IT
                0x0000000008004f78       0xac Drivers/STM32F4xx_HAL_Driver/Src/stm32f4xx_hal_uart.o
 .text.UART_EndTransmit_IT
                0x0000000008005024       0x30 Drivers/STM32F4xx_HAL_Driver/Src/stm32f4xx_hal_uart.o
 .text.UART_Receive_IT
                0x0000000008005054      0x102 Drivers/STM32F4xx_HAL_Driver/Src/stm32f4xx_hal_uart.o
 *fill*         0x0000000008005156        0x2 
 .text.UART_SetConfig
                0x0000000008005158      0x6f8 Drivers/STM32F4xx_HAL_Driver/Src/stm32f4xx_hal_uart.o
 .text.USB_CoreInit
                0x0000000008005850       0xc2 Drivers/STM32F4xx_HAL_Driver/Src/stm32f4xx_ll_usb.o
                0x0000000008005850                USB_CoreInit
 .text.USB_EnableGlobalInt
                0x0000000008005912       0x22 Drivers/STM32F4xx_HAL_Driver/Src/stm32f4xx_ll_usb.o
                0x0000000008005912                USB_EnableGlobalInt
 .text.USB_DisableGlobalInt
                0x0000000008005934       0x22 Drivers/STM32F4xx_HAL_Driver/Src/stm32f4xx_ll_usb.o
                0x0000000008005934                USB_DisableGlobalInt
 .text.USB_SetCurrentMode
                0x0000000008005956       0x54 Drivers/STM32F4xx_HAL_Driver/Src/stm32f4xx_ll_usb.o
                0x0000000008005956                USB_SetCurrentMode
 *fill*         0x00000000080059aa        0x2 
 .text.USB_FlushTxFifo
                0x00000000080059ac       0x4c Drivers/STM32F4xx_HAL_Driver/Src/stm32f4xx_ll_usb.o
                0x00000000080059ac                USB_FlushTxFifo
 .text.USB_FlushRxFifo
                0x00000000080059f8       0x44 Drivers/STM32F4xx_HAL_Driver/Src/stm32f4xx_ll_usb.o
                0x00000000080059f8                USB_FlushRxFifo
 .text.USB_WritePacket
                0x0000000008005a3c       0x6a Drivers/STM32F4xx_HAL_Driver/Src/stm32f4xx_ll_usb.o
                0x0000000008005a3c                USB_WritePacket
 .text.USB_ReadPacket
                0x0000000008005aa6       0x52 Drivers/STM32F4xx_HAL_Driver/Src/stm32f4xx_ll_usb.o
                0x0000000008005aa6                USB_ReadPacket
 .text.USB_ReadInterrupts
                0x0000000008005af8       0x26 Drivers/STM32F4xx_HAL_Driver/Src/stm32f4xx_ll_usb.o
                0x0000000008005af8                USB_ReadInterrupts
 .text.USB_GetMode
                0x0000000008005b1e       0x1c Drivers/STM32F4xx_HAL_Driver/Src/stm32f4xx_ll_usb.o
                0x0000000008005b1e                USB_GetMode
 *fill*         0x0000000008005b3a        0x2 
 .text.USB_CoreReset
                0x0000000008005b3c       0x68 Drivers/STM32F4xx_HAL_Driver/Src/stm32f4xx_ll_usb.o
 .text.USB_HostInit
                0x0000000008005ba4      0x178 Drivers/STM32F4xx_HAL_Driver/Src/stm32f4xx_ll_usb.o
                0x0000000008005ba4                USB_HostInit
 .text.USB_InitFSLSPClkSel
                0x0000000008005d1c       0x74 Drivers/STM32F4xx_HAL_Driver/Src/stm32f4xx_ll_usb.o
                0x0000000008005d1c                USB_InitFSLSPClkSel
 .text.USB_ResetPort
                0x0000000008005d90       0x54 Drivers/STM32F4xx_HAL_Driver/Src/stm32f4xx_ll_usb.o
                0x0000000008005d90                USB_ResetPort
 .text.USB_DriveVbus
                0x0000000008005de4       0x72 Drivers/STM32F4xx_HAL_Driver/Src/stm32f4xx_ll_usb.o
                0x0000000008005de4                USB_DriveVbus
 .text.USB_GetHostSpeed
                0x0000000008005e56       0x2e Drivers/STM32F4xx_HAL_Driver/Src/stm32f4xx_ll_usb.o
                0x0000000008005e56                USB_GetHostSpeed
 .text.USB_GetCurrentFrame
                0x0000000008005e84       0x22 Drivers/STM32F4xx_HAL_Driver/Src/stm32f4xx_ll_usb.o
                0x0000000008005e84                USB_GetCurrentFrame
 *fill*         0x0000000008005ea6        0x2 
 .text.USB_HC_Init
                0x0000000008005ea8      0x214 Drivers/STM32F4xx_HAL_Driver/Src/stm32f4xx_ll_usb.o
                0x0000000008005ea8                USB_HC_Init
 .text.USB_HC_StartXfer
                0x00000000080060bc      0x288 Drivers/STM32F4xx_HAL_Driver/Src/stm32f4xx_ll_usb.o
                0x00000000080060bc                USB_HC_StartXfer
 .text.USB_HC_ReadInterrupt
                0x0000000008006344       0x22 Drivers/STM32F4xx_HAL_Driver/Src/stm32f4xx_ll_usb.o
                0x0000000008006344                USB_HC_ReadInterrupt
 .text.USB_HC_Halt
                0x0000000008006366      0x1fe Drivers/STM32F4xx_HAL_Driver/Src/stm32f4xx_ll_usb.o
                0x0000000008006366                USB_HC_Halt
 .text.USB_DoPing
                0x0000000008006564       0x78 Drivers/STM32F4xx_HAL_Driver/Src/stm32f4xx_ll_usb.o
                0x0000000008006564                USB_DoPing
 .text.USB_StopHost
                0x00000000080065dc      0x10c Drivers/STM32F4xx_HAL_Driver/Src/stm32f4xx_ll_usb.o
                0x00000000080065dc                USB_StopHost
 .text.USBH_CDC_InterfaceInit
                0x00000000080066e8      0x282 Middlewares/ST/STM32_USB_Host_Library/Class/CDC/Src/usbh_cdc.o
 .text.USBH_CDC_InterfaceDeInit
                0x000000000800696a       0xb2 Middlewares/ST/STM32_USB_Host_Library/Class/CDC/Src/usbh_cdc.o
 .text.USBH_CDC_ClassRequest
                0x0000000008006a1c       0x42 Middlewares/ST/STM32_USB_Host_Library/Class/CDC/Src/usbh_cdc.o
 *fill*         0x0000000008006a5e        0x2 
 .text.USBH_CDC_Process
                0x0000000008006a60      0x12c Middlewares/ST/STM32_USB_Host_Library/Class/CDC/Src/usbh_cdc.o
 .text.USBH_CDC_SOFProcess
                0x0000000008006b8c       0x16 Middlewares/ST/STM32_USB_Host_Library/Class/CDC/Src/usbh_cdc.o
 .text.GetLineCoding
                0x0000000008006ba2       0x3e Middlewares/ST/STM32_USB_Host_Library/Class/CDC/Src/usbh_cdc.o
 .text.SetLineCoding
                0x0000000008006be0       0x3e Middlewares/ST/STM32_USB_Host_Library/Class/CDC/Src/usbh_cdc.o
 .text.CDC_ProcessTransmission
                0x0000000008006c1e       0xf0 Middlewares/ST/STM32_USB_Host_Library/Class/CDC/Src/usbh_cdc.o
 .text.CDC_ProcessReception
                0x0000000008006d0e       0xb6 Middlewares/ST/STM32_USB_Host_Library/Class/CDC/Src/usbh_cdc.o
 .text.USBH_CDC_TransmitCallback
                0x0000000008006dc4       0x14 Middlewares/ST/STM32_USB_Host_Library/Class/CDC/Src/usbh_cdc.o
                0x0000000008006dc4                USBH_CDC_TransmitCallback
 .text.USBH_CDC_ReceiveCallback
                0x0000000008006dd8       0x14 Middlewares/ST/STM32_USB_Host_Library/Class/CDC/Src/usbh_cdc.o
                0x0000000008006dd8                USBH_CDC_ReceiveCallback
 .text.USBH_CDC_LineCodingChanged
                0x0000000008006dec       0x14 Middlewares/ST/STM32_USB_Host_Library/Class/CDC/Src/usbh_cdc.o
                0x0000000008006dec                USBH_CDC_LineCodingChanged
 .text.USBH_Init
                0x0000000008006e00       0x54 Middlewares/ST/STM32_USB_Host_Library/Core/Src/usbh_core.o
                0x0000000008006e00                USBH_Init
 .text.DeInitStateMachine
                0x0000000008006e54       0x92 Middlewares/ST/STM32_USB_Host_Library/Core/Src/usbh_core.o
 .text.USBH_RegisterClass
                0x0000000008006ee6       0x56 Middlewares/ST/STM32_USB_Host_Library/Core/Src/usbh_core.o
                0x0000000008006ee6                USBH_RegisterClass
 .text.USBH_SelectInterface
                0x0000000008006f3c       0x38 Middlewares/ST/STM32_USB_Host_Library/Core/Src/usbh_core.o
                0x0000000008006f3c                USBH_SelectInterface
 .text.USBH_FindInterface
                0x0000000008006f74       0x8c Middlewares/ST/STM32_USB_Host_Library/Core/Src/usbh_core.o
                0x0000000008006f74                USBH_FindInterface
 .text.USBH_Start
                0x0000000008007000       0x20 Middlewares/ST/STM32_USB_Host_Library/Core/Src/usbh_core.o
                0x0000000008007000                USBH_Start
 .text.USBH_Process
                0x0000000008007020      0x310 Middlewares/ST/STM32_USB_Host_Library/Core/Src/usbh_core.o
                0x0000000008007020                USBH_Process
 .text.USBH_HandleEnum
                0x0000000008007330      0x234 Middlewares/ST/STM32_USB_Host_Library/Core/Src/usbh_core.o
 .text.USBH_LL_SetTimer
                0x0000000008007564       0x1e Middlewares/ST/STM32_USB_Host_Library/Core/Src/usbh_core.o
                0x0000000008007564                USBH_LL_SetTimer
 .text.USBH_LL_IncTimer
                0x0000000008007582       0x24 Middlewares/ST/STM32_USB_Host_Library/Core/Src/usbh_core.o
                0x0000000008007582                USBH_LL_IncTimer
 .text.USBH_HandleSof
                0x00000000080075a6       0x30 Middlewares/ST/STM32_USB_Host_Library/Core/Src/usbh_core.o
 .text.USBH_LL_PortEnabled
                0x00000000080075d6       0x1c Middlewares/ST/STM32_USB_Host_Library/Core/Src/usbh_core.o
                0x00000000080075d6                USBH_LL_PortEnabled
 .text.USBH_LL_PortDisabled
                0x00000000080075f2       0x1c Middlewares/ST/STM32_USB_Host_Library/Core/Src/usbh_core.o
                0x00000000080075f2                USBH_LL_PortDisabled
 .text.USBH_IsPortEnabled
                0x000000000800760e       0x1a Middlewares/ST/STM32_USB_Host_Library/Core/Src/usbh_core.o
                0x000000000800760e                USBH_IsPortEnabled
 .text.USBH_LL_Connect
                0x0000000008007628       0x4c Middlewares/ST/STM32_USB_Host_Library/Core/Src/usbh_core.o
                0x0000000008007628                USBH_LL_Connect
 .text.USBH_LL_Disconnect
                0x0000000008007674       0x5a Middlewares/ST/STM32_USB_Host_Library/Core/Src/usbh_core.o
                0x0000000008007674                USBH_LL_Disconnect
 .text.USBH_Get_DevDesc
                0x00000000080076ce       0x50 Middlewares/ST/STM32_USB_Host_Library/Core/Src/usbh_ctlreq.o
                0x00000000080076ce                USBH_Get_DevDesc
 .text.USBH_Get_CfgDesc
                0x000000000800771e       0x48 Middlewares/ST/STM32_USB_Host_Library/Core/Src/usbh_ctlreq.o
                0x000000000800771e                USBH_Get_CfgDesc
 .text.USBH_Get_StringDesc
                0x0000000008007766       0x56 Middlewares/ST/STM32_USB_Host_Library/Core/Src/usbh_ctlreq.o
                0x0000000008007766                USBH_Get_StringDesc
 .text.USBH_GetDescriptor
                0x00000000080077bc       0x6a Middlewares/ST/STM32_USB_Host_Library/Core/Src/usbh_ctlreq.o
                0x00000000080077bc                USBH_GetDescriptor
 .text.USBH_SetAddress
                0x0000000008007826       0x48 Middlewares/ST/STM32_USB_Host_Library/Core/Src/usbh_ctlreq.o
                0x0000000008007826                USBH_SetAddress
 .text.USBH_SetCfg
                0x000000000800786e       0x46 Middlewares/ST/STM32_USB_Host_Library/Core/Src/usbh_ctlreq.o
                0x000000000800786e                USBH_SetCfg
 .text.USBH_SetFeature
                0x00000000080078b4       0x48 Middlewares/ST/STM32_USB_Host_Library/Core/Src/usbh_ctlreq.o
                0x00000000080078b4                USBH_SetFeature
 .text.USBH_ClrFeature
                0x00000000080078fc       0x48 Middlewares/ST/STM32_USB_Host_Library/Core/Src/usbh_ctlreq.o
                0x00000000080078fc                USBH_ClrFeature
 .text.USBH_ParseDevDesc
                0x0000000008007944       0xe0 Middlewares/ST/STM32_USB_Host_Library/Core/Src/usbh_ctlreq.o
 .text.USBH_ParseCfgDesc
                0x0000000008007a24      0x144 Middlewares/ST/STM32_USB_Host_Library/Core/Src/usbh_ctlreq.o
 .text.USBH_ParseInterfaceDesc
                0x0000000008007b68       0x5e Middlewares/ST/STM32_USB_Host_Library/Core/Src/usbh_ctlreq.o
 .text.USBH_ParseEPDesc
                0x0000000008007bc6       0x5a Middlewares/ST/STM32_USB_Host_Library/Core/Src/usbh_ctlreq.o
 .text.USBH_ParseStringDesc
                0x0000000008007c20       0x66 Middlewares/ST/STM32_USB_Host_Library/Core/Src/usbh_ctlreq.o
 .text.USBH_GetNextDesc
                0x0000000008007c86       0x36 Middlewares/ST/STM32_USB_Host_Library/Core/Src/usbh_ctlreq.o
                0x0000000008007c86                USBH_GetNextDesc
 .text.USBH_CtlReq
                0x0000000008007cbc       0x94 Middlewares/ST/STM32_USB_Host_Library/Core/Src/usbh_ctlreq.o
                0x0000000008007cbc                USBH_CtlReq
 .text.USBH_HandleControl
                0x0000000008007d50      0x2d4 Middlewares/ST/STM32_USB_Host_Library/Core/Src/usbh_ctlreq.o
 .text.USBH_CtlSendSetup
                0x0000000008008024       0x34 Middlewares/ST/STM32_USB_Host_Library/Core/Src/usbh_ioreq.o
                0x0000000008008024                USBH_CtlSendSetup
 .text.USBH_CtlSendData
                0x0000000008008058       0x4a Middlewares/ST/STM32_USB_Host_Library/Core/Src/usbh_ioreq.o
                0x0000000008008058                USBH_CtlSendData
 .text.USBH_CtlReceiveData
                0x00000000080080a2       0x3c Middlewares/ST/STM32_USB_Host_Library/Core/Src/usbh_ioreq.o
                0x00000000080080a2                USBH_CtlReceiveData
 .text.USBH_BulkSendData
                0x00000000080080de       0x4a Middlewares/ST/STM32_USB_Host_Library/Core/Src/usbh_ioreq.o
                0x00000000080080de                USBH_BulkSendData
 .text.USBH_BulkReceiveData
                0x0000000008008128       0x3c Middlewares/ST/STM32_USB_Host_Library/Core/Src/usbh_ioreq.o
                0x0000000008008128                USBH_BulkReceiveData
 .text.USBH_OpenPipe
                0x0000000008008164       0x3e Middlewares/ST/STM32_USB_Host_Library/Core/Src/usbh_pipes.o
                0x0000000008008164                USBH_OpenPipe
 .text.USBH_ClosePipe
                0x00000000080081a2       0x20 Middlewares/ST/STM32_USB_Host_Library/Core/Src/usbh_pipes.o
                0x00000000080081a2                USBH_ClosePipe
 .text.USBH_AllocPipe
                0x00000000080081c2       0x3c Middlewares/ST/STM32_USB_Host_Library/Core/Src/usbh_pipes.o
                0x00000000080081c2                USBH_AllocPipe
 .text.USBH_FreePipe
                0x00000000080081fe       0x38 Middlewares/ST/STM32_USB_Host_Library/Core/Src/usbh_pipes.o
                0x00000000080081fe                USBH_FreePipe
 .text.USBH_GetFreePipe
                0x0000000008008236       0x46 Middlewares/ST/STM32_USB_Host_Library/Core/Src/usbh_pipes.o
 .text.event_init
                0x000000000800827c       0x1a Src/event.o
                0x000000000800827c                event_init
 .text.event_trigger
                0x0000000008008296       0x1a Src/event.o
                0x0000000008008296                event_trigger
 .text.init_acc_mode
                0x00000000080082b0       0x20 Src/main.o
 .text.loop_acc_mode
                0x00000000080082d0      0x10c Src/main.o
 .text.main     0x00000000080083dc       0x48 Src/main.o
                0x00000000080083dc                main
 .text.SystemClock_Config
                0x0000000008008424       0xd4 Src/main.o
                0x0000000008008424                SystemClock_Config
 .text.MX_I2C1_Init
                0x00000000080084f8       0x5c Src/main.o
 .text.MX_SPI1_Init
                0x0000000008008554       0x6c Src/main.o
 .text.MX_TIM2_Init
                0x00000000080085c0       0x9c Src/main.o
 .text.MX_UART4_Init
                0x000000000800865c       0x54 Src/main.o
 .text.MX_GPIO_Init
                0x00000000080086b0      0x23c Src/main.o
 .text.Error_Handler
                0x00000000080088ec        0xe Src/main.o
                0x00000000080088ec                Error_Handler
 .text.ACCELERO_Read_Acc
                0x00000000080088fa       0x46 Src/mems.o
                0x00000000080088fa                ACCELERO_Read_Acc
 .text.HAL_MspInit
                0x0000000008008940       0x50 Src/stm32f4xx_hal_msp.o
                0x0000000008008940                HAL_MspInit
 .text.HAL_I2C_MspInit
                0x0000000008008990       0x90 Src/stm32f4xx_hal_msp.o
                0x0000000008008990                HAL_I2C_MspInit
 .text.HAL_SPI_MspInit
                0x0000000008008a20       0xd0 Src/stm32f4xx_hal_msp.o
                0x0000000008008a20                HAL_SPI_MspInit
 .text.HAL_SPI_MspDeInit
                0x0000000008008af0       0x48 Src/stm32f4xx_hal_msp.o
                0x0000000008008af0                HAL_SPI_MspDeInit
 .text.HAL_TIM_Base_MspInit
                0x0000000008008b38       0x4c Src/stm32f4xx_hal_msp.o
                0x0000000008008b38                HAL_TIM_Base_MspInit
 .text.HAL_UART_MspInit
                0x0000000008008b84       0xa0 Src/stm32f4xx_hal_msp.o
                0x0000000008008b84                HAL_UART_MspInit
 .text.NMI_Handler
                0x0000000008008c24        0xe Src/stm32f4xx_it.o
                0x0000000008008c24                NMI_Handler
 .text.HardFault_Handler
                0x0000000008008c32        0x6 Src/stm32f4xx_it.o
                0x0000000008008c32                HardFault_Handler
 .text.MemManage_Handler
                0x0000000008008c38        0x6 Src/stm32f4xx_it.o
                0x0000000008008c38                MemManage_Handler
 .text.BusFault_Handler
                0x0000000008008c3e        0x6 Src/stm32f4xx_it.o
                0x0000000008008c3e                BusFault_Handler
 .text.UsageFault_Handler
                0x0000000008008c44        0x6 Src/stm32f4xx_it.o
                0x0000000008008c44                UsageFault_Handler
 .text.SVC_Handler
                0x0000000008008c4a        0xe Src/stm32f4xx_it.o
                0x0000000008008c4a                SVC_Handler
 .text.DebugMon_Handler
                0x0000000008008c58        0xe Src/stm32f4xx_it.o
                0x0000000008008c58                DebugMon_Handler
 .text.PendSV_Handler
                0x0000000008008c66        0xe Src/stm32f4xx_it.o
                0x0000000008008c66                PendSV_Handler
 .text.SysTick_Handler
                0x0000000008008c74        0xc Src/stm32f4xx_it.o
                0x0000000008008c74                SysTick_Handler
 .text.TIM2_IRQHandler
                0x0000000008008c80       0x1c Src/stm32f4xx_it.o
                0x0000000008008c80                TIM2_IRQHandler
 .text.UART4_IRQHandler
                0x0000000008008c9c       0x14 Src/stm32f4xx_it.o
                0x0000000008008c9c                UART4_IRQHandler
 .text.OTG_FS_IRQHandler
                0x0000000008008cb0       0x14 Src/stm32f4xx_it.o
                0x0000000008008cb0                OTG_FS_IRQHandler
 .text._sbrk    0x0000000008008cc4       0x58 Src/sysmem.o
                0x0000000008008cc4                _sbrk
 .text.SystemInit
                0x0000000008008d1c       0x2c Src/system_stm32f4xx.o
                0x0000000008008d1c                SystemInit
 .text.MX_USB_HOST_Init
                0x0000000008008d48       0x4c Src/usb_host.o
                0x0000000008008d48                MX_USB_HOST_Init
 .text.MX_USB_HOST_Process
                0x0000000008008d94       0x14 Src/usb_host.o
                0x0000000008008d94                MX_USB_HOST_Process
 .text.USBH_UserProcess
                0x0000000008008da8       0x5c Src/usb_host.o
 .text.HAL_HCD_MspInit
                0x0000000008008e04       0xc4 Src/usbh_conf.o
                0x0000000008008e04                HAL_HCD_MspInit
 .text.HAL_HCD_SOF_Callback
                0x0000000008008ec8       0x1c Src/usbh_conf.o
                0x0000000008008ec8                HAL_HCD_SOF_Callback
 .text.HAL_HCD_Connect_Callback
                0x0000000008008ee4       0x1c Src/usbh_conf.o
                0x0000000008008ee4                HAL_HCD_Connect_Callback
 .text.HAL_HCD_Disconnect_Callback
                0x0000000008008f00       0x1c Src/usbh_conf.o
                0x0000000008008f00                HAL_HCD_Disconnect_Callback
 .text.HAL_HCD_HC_NotifyURBChange_Callback
                0x0000000008008f1c       0x1c Src/usbh_conf.o
                0x0000000008008f1c                HAL_HCD_HC_NotifyURBChange_Callback
 .text.HAL_HCD_PortEnabled_Callback
                0x0000000008008f38       0x1c Src/usbh_conf.o
                0x0000000008008f38                HAL_HCD_PortEnabled_Callback
 .text.HAL_HCD_PortDisabled_Callback
                0x0000000008008f54       0x1c Src/usbh_conf.o
                0x0000000008008f54                HAL_HCD_PortDisabled_Callback
 .text.USBH_LL_Init
                0x0000000008008f70       0x78 Src/usbh_conf.o
                0x0000000008008f70                USBH_LL_Init
 .text.USBH_LL_Start
                0x0000000008008fe8       0x36 Src/usbh_conf.o
                0x0000000008008fe8                USBH_LL_Start
 .text.USBH_LL_Stop
                0x000000000800901e       0x36 Src/usbh_conf.o
                0x000000000800901e                USBH_LL_Stop
 .text.USBH_LL_GetSpeed
                0x0000000008009054       0x4a Src/usbh_conf.o
                0x0000000008009054                USBH_LL_GetSpeed
 .text.USBH_LL_ResetPort
                0x000000000800909e       0x36 Src/usbh_conf.o
                0x000000000800909e                USBH_LL_ResetPort
 .text.USBH_LL_GetLastXferSize
                0x00000000080090d4       0x26 Src/usbh_conf.o
                0x00000000080090d4                USBH_LL_GetLastXferSize
 .text.USBH_LL_OpenPipe
                0x00000000080090fa       0x5e Src/usbh_conf.o
                0x00000000080090fa                USBH_LL_OpenPipe
 .text.USBH_LL_ClosePipe
                0x0000000008009158       0x3e Src/usbh_conf.o
                0x0000000008009158                USBH_LL_ClosePipe
 .text.USBH_LL_SubmitURB
                0x0000000008009196       0x62 Src/usbh_conf.o
                0x0000000008009196                USBH_LL_SubmitURB
 .text.USBH_LL_GetURBState
                0x00000000080091f8       0x26 Src/usbh_conf.o
                0x00000000080091f8                USBH_LL_GetURBState
 .text.USBH_LL_DriverVBUS
                0x000000000800921e       0x2e Src/usbh_conf.o
                0x000000000800921e                USBH_LL_DriverVBUS
 .text.USBH_LL_SetToggle
                0x000000000800924c       0x66 Src/usbh_conf.o
                0x000000000800924c                USBH_LL_SetToggle
 .text.USBH_Delay
                0x00000000080092b2       0x16 Src/usbh_conf.o
                0x00000000080092b2                USBH_Delay
 .text.USBH_Get_USB_Status
                0x00000000080092c8       0x58 Src/usbh_conf.o
                0x00000000080092c8                USBH_Get_USB_Status
 .text.MX_DriverVbusFS
                0x0000000008009320       0x38 Src/usbh_platform.o
                0x0000000008009320                MX_DriverVbusFS
 .text.Reset_Handler
                0x0000000008009358       0x50 Startup/startup_stm32f407vgtx.o
                0x0000000008009358                Reset_Handler
 .text.Default_Handler
                0x00000000080093a8        0x2 Startup/startup_stm32f407vgtx.o
                0x00000000080093a8                RTC_Alarm_IRQHandler
                0x00000000080093a8                HASH_RNG_IRQHandler
                0x00000000080093a8                EXTI2_IRQHandler
                0x00000000080093a8                TIM8_CC_IRQHandler
                0x00000000080093a8                TIM1_CC_IRQHandler
                0x00000000080093a8                DMA2_Stream5_IRQHandler
                0x00000000080093a8                DMA1_Stream5_IRQHandler
                0x00000000080093a8                PVD_IRQHandler
                0x00000000080093a8                SDIO_IRQHandler
                0x00000000080093a8                TAMP_STAMP_IRQHandler
                0x00000000080093a8                CAN2_RX1_IRQHandler
                0x00000000080093a8                EXTI3_IRQHandler
                0x00000000080093a8                TIM8_TRG_COM_TIM14_IRQHandler
                0x00000000080093a8                TIM1_UP_TIM10_IRQHandler
                0x00000000080093a8                TIM8_UP_TIM13_IRQHandler
                0x00000000080093a8                I2C3_ER_IRQHandler
                0x00000000080093a8                EXTI0_IRQHandler
                0x00000000080093a8                I2C2_EV_IRQHandler
                0x00000000080093a8                DMA1_Stream2_IRQHandler
                0x00000000080093a8                CAN1_RX0_IRQHandler
                0x00000000080093a8                FPU_IRQHandler
                0x00000000080093a8                OTG_HS_WKUP_IRQHandler
                0x00000000080093a8                CAN2_SCE_IRQHandler
                0x00000000080093a8                DMA2_Stream2_IRQHandler
                0x00000000080093a8                SPI1_IRQHandler
                0x00000000080093a8                TIM6_DAC_IRQHandler
                0x00000000080093a8                TIM1_BRK_TIM9_IRQHandler
                0x00000000080093a8                DCMI_IRQHandler
                0x00000000080093a8                CAN2_RX0_IRQHandler
                0x00000000080093a8                DMA2_Stream3_IRQHandler
                0x00000000080093a8                USART6_IRQHandler
                0x00000000080093a8                USART3_IRQHandler
                0x00000000080093a8                CAN1_RX1_IRQHandler
                0x00000000080093a8                UART5_IRQHandler
                0x00000000080093a8                DMA2_Stream0_IRQHandler
                0x00000000080093a8                TIM4_IRQHandler
                0x00000000080093a8                I2C1_EV_IRQHandler
                0x00000000080093a8                DMA1_Stream6_IRQHandler
                0x00000000080093a8                DMA1_Stream1_IRQHandler
                0x00000000080093a8                TIM3_IRQHandler
                0x00000000080093a8                RCC_IRQHandler
                0x00000000080093a8                TIM8_BRK_TIM12_IRQHandler
                0x00000000080093a8                Default_Handler
                0x00000000080093a8                EXTI15_10_IRQHandler
                0x00000000080093a8                ADC_IRQHandler
                0x00000000080093a8                DMA1_Stream7_IRQHandler
                0x00000000080093a8                TIM7_IRQHandler
                0x00000000080093a8                CAN2_TX_IRQHandler
                0x00000000080093a8                TIM5_IRQHandler
                0x00000000080093a8                DMA2_Stream7_IRQHandler
                0x00000000080093a8                I2C3_EV_IRQHandler
                0x00000000080093a8                EXTI9_5_IRQHandler
                0x00000000080093a8                RTC_WKUP_IRQHandler
                0x00000000080093a8                ETH_WKUP_IRQHandler
                0x00000000080093a8                SPI2_IRQHandler
                0x00000000080093a8                OTG_HS_EP1_IN_IRQHandler
                0x00000000080093a8                DMA1_Stream0_IRQHandler
                0x00000000080093a8                CAN1_TX_IRQHandler
                0x00000000080093a8                EXTI4_IRQHandler
                0x00000000080093a8                FSMC_IRQHandler
                0x00000000080093a8                ETH_IRQHandler
                0x00000000080093a8                OTG_HS_EP1_OUT_IRQHandler
                0x00000000080093a8                WWDG_IRQHandler
                0x00000000080093a8                OTG_FS_WKUP_IRQHandler
                0x00000000080093a8                TIM1_TRG_COM_TIM11_IRQHandler
                0x00000000080093a8                OTG_HS_IRQHandler
                0x00000000080093a8                EXTI1_IRQHandler
                0x00000000080093a8                USART2_IRQHandler
                0x00000000080093a8                I2C2_ER_IRQHandler
                0x00000000080093a8                DMA2_Stream1_IRQHandler
                0x00000000080093a8                CAN1_SCE_IRQHandler
                0x00000000080093a8                FLASH_IRQHandler
                0x00000000080093a8                DMA2_Stream4_IRQHandler
                0x00000000080093a8                USART1_IRQHandler
                0x00000000080093a8                SPI3_IRQHandler
                0x00000000080093a8                DMA1_Stream4_IRQHandler
                0x00000000080093a8                I2C1_ER_IRQHandler
                0x00000000080093a8                DMA2_Stream6_IRQHandler
                0x00000000080093a8                DMA1_Stream3_IRQHandler
 *fill*         0x00000000080093aa        0x2 
 .text.__errno  0x00000000080093ac        0xc e:/programmes/stm32cubeide_1.1.0/stm32cubeide/plugins/com.st.stm32cube.ide.mcu.externaltools.gnu-tools-for-stm32.7-2018-q2-update.win32_1.0.0.201904181610/tools/bin/../lib/gcc/arm-none-eabi/7.3.1/../../../../arm-none-eabi/lib/thumb/v7e-m/fpv4-sp/hard\libc_nano.a(lib_a-errno.o)
                0x00000000080093ac                __errno
 .text.__libc_init_array
                0x00000000080093b8       0x48 e:/programmes/stm32cubeide_1.1.0/stm32cubeide/plugins/com.st.stm32cube.ide.mcu.externaltools.gnu-tools-for-stm32.7-2018-q2-update.win32_1.0.0.201904181610/tools/bin/../lib/gcc/arm-none-eabi/7.3.1/../../../../arm-none-eabi/lib/thumb/v7e-m/fpv4-sp/hard\libc_nano.a(lib_a-init.o)
                0x00000000080093b8                __libc_init_array
 .text.malloc   0x0000000008009400       0x10 e:/programmes/stm32cubeide_1.1.0/stm32cubeide/plugins/com.st.stm32cube.ide.mcu.externaltools.gnu-tools-for-stm32.7-2018-q2-update.win32_1.0.0.201904181610/tools/bin/../lib/gcc/arm-none-eabi/7.3.1/../../../../arm-none-eabi/lib/thumb/v7e-m/fpv4-sp/hard\libc_nano.a(lib_a-malloc.o)
                0x0000000008009400                malloc
 .text.free     0x0000000008009410       0x10 e:/programmes/stm32cubeide_1.1.0/stm32cubeide/plugins/com.st.stm32cube.ide.mcu.externaltools.gnu-tools-for-stm32.7-2018-q2-update.win32_1.0.0.201904181610/tools/bin/../lib/gcc/arm-none-eabi/7.3.1/../../../../arm-none-eabi/lib/thumb/v7e-m/fpv4-sp/hard\libc_nano.a(lib_a-malloc.o)
                0x0000000008009410                free
 .text.memset   0x0000000008009420       0x10 e:/programmes/stm32cubeide_1.1.0/stm32cubeide/plugins/com.st.stm32cube.ide.mcu.externaltools.gnu-tools-for-stm32.7-2018-q2-update.win32_1.0.0.201904181610/tools/bin/../lib/gcc/arm-none-eabi/7.3.1/../../../../arm-none-eabi/lib/thumb/v7e-m/fpv4-sp/hard\libc_nano.a(lib_a-memset.o)
                0x0000000008009420                memset
 .text._free_r  0x0000000008009430       0x9c e:/programmes/stm32cubeide_1.1.0/stm32cubeide/plugins/com.st.stm32cube.ide.mcu.externaltools.gnu-tools-for-stm32.7-2018-q2-update.win32_1.0.0.201904181610/tools/bin/../lib/gcc/arm-none-eabi/7.3.1/../../../../arm-none-eabi/lib/thumb/v7e-m/fpv4-sp/hard\libc_nano.a(lib_a-nano-freer.o)
                0x0000000008009430                _free_r
 .text._malloc_r
                0x00000000080094cc       0xb4 e:/programmes/stm32cubeide_1.1.0/stm32cubeide/plugins/com.st.stm32cube.ide.mcu.externaltools.gnu-tools-for-stm32.7-2018-q2-update.win32_1.0.0.201904181610/tools/bin/../lib/gcc/arm-none-eabi/7.3.1/../../../../arm-none-eabi/lib/thumb/v7e-m/fpv4-sp/hard\libc_nano.a(lib_a-nano-mallocr.o)
                0x00000000080094cc                _malloc_r
 .text._sbrk_r  0x0000000008009580       0x20 e:/programmes/stm32cubeide_1.1.0/stm32cubeide/plugins/com.st.stm32cube.ide.mcu.externaltools.gnu-tools-for-stm32.7-2018-q2-update.win32_1.0.0.201904181610/tools/bin/../lib/gcc/arm-none-eabi/7.3.1/../../../../arm-none-eabi/lib/thumb/v7e-m/fpv4-sp/hard\libc_nano.a(lib_a-sbrkr.o)
                0x0000000008009580                _sbrk_r
 .text.__malloc_lock
                0x00000000080095a0        0x2 e:/programmes/stm32cubeide_1.1.0/stm32cubeide/plugins/com.st.stm32cube.ide.mcu.externaltools.gnu-tools-for-stm32.7-2018-q2-update.win32_1.0.0.201904181610/tools/bin/../lib/gcc/arm-none-eabi/7.3.1/../../../../arm-none-eabi/lib/thumb/v7e-m/fpv4-sp/hard\libc_nano.a(lib_a-mlock.o)
                0x00000000080095a0                __malloc_lock
 .text.__malloc_unlock
                0x00000000080095a2        0x2 e:/programmes/stm32cubeide_1.1.0/stm32cubeide/plugins/com.st.stm32cube.ide.mcu.externaltools.gnu-tools-for-stm32.7-2018-q2-update.win32_1.0.0.201904181610/tools/bin/../lib/gcc/arm-none-eabi/7.3.1/../../../../arm-none-eabi/lib/thumb/v7e-m/fpv4-sp/hard\libc_nano.a(lib_a-mlock.o)
                0x00000000080095a2                __malloc_unlock
 *(.glue_7)
 .glue_7        0x00000000080095a4        0x0 linker stubs
 *(.glue_7t)
 .glue_7t       0x00000000080095a4        0x0 linker stubs
 *(.eh_frame)
 .eh_frame      0x00000000080095a4        0x0 e:/programmes/stm32cubeide_1.1.0/stm32cubeide/plugins/com.st.stm32cube.ide.mcu.externaltools.gnu-tools-for-stm32.7-2018-q2-update.win32_1.0.0.201904181610/tools/bin/../lib/gcc/arm-none-eabi/7.3.1/thumb/v7e-m/fpv4-sp/hard/crtbegin.o
 *(.init)
 .init          0x00000000080095a4        0x4 e:/programmes/stm32cubeide_1.1.0/stm32cubeide/plugins/com.st.stm32cube.ide.mcu.externaltools.gnu-tools-for-stm32.7-2018-q2-update.win32_1.0.0.201904181610/tools/bin/../lib/gcc/arm-none-eabi/7.3.1/thumb/v7e-m/fpv4-sp/hard/crti.o
                0x00000000080095a4                _init
 .init          0x00000000080095a8        0x8 e:/programmes/stm32cubeide_1.1.0/stm32cubeide/plugins/com.st.stm32cube.ide.mcu.externaltools.gnu-tools-for-stm32.7-2018-q2-update.win32_1.0.0.201904181610/tools/bin/../lib/gcc/arm-none-eabi/7.3.1/thumb/v7e-m/fpv4-sp/hard/crtn.o
 *(.fini)
 .fini          0x00000000080095b0        0x4 e:/programmes/stm32cubeide_1.1.0/stm32cubeide/plugins/com.st.stm32cube.ide.mcu.externaltools.gnu-tools-for-stm32.7-2018-q2-update.win32_1.0.0.201904181610/tools/bin/../lib/gcc/arm-none-eabi/7.3.1/thumb/v7e-m/fpv4-sp/hard/crti.o
                0x00000000080095b0                _fini
 .fini          0x00000000080095b4        0x8 e:/programmes/stm32cubeide_1.1.0/stm32cubeide/plugins/com.st.stm32cube.ide.mcu.externaltools.gnu-tools-for-stm32.7-2018-q2-update.win32_1.0.0.201904181610/tools/bin/../lib/gcc/arm-none-eabi/7.3.1/thumb/v7e-m/fpv4-sp/hard/crtn.o
                0x00000000080095bc                . = ALIGN (0x4)
                0x00000000080095bc                _etext = .

.vfp11_veneer   0x00000000080095bc        0x0
 .vfp11_veneer  0x00000000080095bc        0x0 linker stubs

.v4_bx          0x00000000080095bc        0x0
 .v4_bx         0x00000000080095bc        0x0 linker stubs

.iplt           0x00000000080095bc        0x0
 .iplt          0x00000000080095bc        0x0 e:/programmes/stm32cubeide_1.1.0/stm32cubeide/plugins/com.st.stm32cube.ide.mcu.externaltools.gnu-tools-for-stm32.7-2018-q2-update.win32_1.0.0.201904181610/tools/bin/../lib/gcc/arm-none-eabi/7.3.1/thumb/v7e-m/fpv4-sp/hard/crtbegin.o

.rodata         0x00000000080095bc       0x34
                0x00000000080095bc                . = ALIGN (0x4)
 *(.rodata)
 .rodata        0x00000000080095bc        0x4 Middlewares/ST/STM32_USB_Host_Library/Class/CDC/Src/usbh_cdc.o
 .rodata        0x00000000080095c0        0xe Src/main.o
 *(.rodata*)
 *fill*         0x00000000080095ce        0x2 
 .rodata.GPIO_PIN
                0x00000000080095d0        0x8 Drivers/BSP/STM32F4-Discovery/stm32f4_discovery.o
                0x00000000080095d0                GPIO_PIN
 .rodata.AHBPrescTable
                0x00000000080095d8       0x10 Src/system_stm32f4xx.o
                0x00000000080095d8                AHBPrescTable
 .rodata.APBPrescTable
                0x00000000080095e8        0x8 Src/system_stm32f4xx.o
                0x00000000080095e8                APBPrescTable
                0x00000000080095f0                . = ALIGN (0x4)

.ARM.extab      0x00000000080095f0        0x0
                0x00000000080095f0                . = ALIGN (0x4)
 *(.ARM.extab* .gnu.linkonce.armextab.*)
                0x00000000080095f0                . = ALIGN (0x4)

.ARM            0x00000000080095f0        0x8
                0x00000000080095f0                . = ALIGN (0x4)
                0x00000000080095f0                __exidx_start = .
 *(.ARM.exidx*)
 .ARM.exidx     0x00000000080095f0        0x8 e:/programmes/stm32cubeide_1.1.0/stm32cubeide/plugins/com.st.stm32cube.ide.mcu.externaltools.gnu-tools-for-stm32.7-2018-q2-update.win32_1.0.0.201904181610/tools/bin/../lib/gcc/arm-none-eabi/7.3.1/thumb/v7e-m/fpv4-sp/hard\libgcc.a(_udivmoddi4.o)
                0x00000000080095f8                __exidx_end = .
                0x00000000080095f8                . = ALIGN (0x4)

.rel.dyn        0x00000000080095f8        0x0
 .rel.iplt      0x00000000080095f8        0x0 e:/programmes/stm32cubeide_1.1.0/stm32cubeide/plugins/com.st.stm32cube.ide.mcu.externaltools.gnu-tools-for-stm32.7-2018-q2-update.win32_1.0.0.201904181610/tools/bin/../lib/gcc/arm-none-eabi/7.3.1/thumb/v7e-m/fpv4-sp/hard/crtbegin.o

.preinit_array  0x00000000080095f8        0x0
                0x00000000080095f8                . = ALIGN (0x4)
                0x00000000080095f8                PROVIDE (__preinit_array_start = .)
 *(.preinit_array*)
                0x00000000080095f8                PROVIDE (__preinit_array_end = .)
                0x00000000080095f8                . = ALIGN (0x4)

.init_array     0x00000000080095f8        0x4
                0x00000000080095f8                . = ALIGN (0x4)
                0x00000000080095f8                PROVIDE (__init_array_start = .)
 *(SORT_BY_NAME(.init_array.*))
 *(.init_array*)
 .init_array    0x00000000080095f8        0x4 e:/programmes/stm32cubeide_1.1.0/stm32cubeide/plugins/com.st.stm32cube.ide.mcu.externaltools.gnu-tools-for-stm32.7-2018-q2-update.win32_1.0.0.201904181610/tools/bin/../lib/gcc/arm-none-eabi/7.3.1/thumb/v7e-m/fpv4-sp/hard/crtbegin.o
                0x00000000080095fc                PROVIDE (__init_array_end = .)
                0x00000000080095fc                . = ALIGN (0x4)

.fini_array     0x00000000080095fc        0x4
                0x00000000080095fc                . = ALIGN (0x4)
                [!provide]                        PROVIDE (__fini_array_start = .)
 *(SORT_BY_NAME(.fini_array.*))
 *(.fini_array*)
 .fini_array    0x00000000080095fc        0x4 e:/programmes/stm32cubeide_1.1.0/stm32cubeide/plugins/com.st.stm32cube.ide.mcu.externaltools.gnu-tools-for-stm32.7-2018-q2-update.win32_1.0.0.201904181610/tools/bin/../lib/gcc/arm-none-eabi/7.3.1/thumb/v7e-m/fpv4-sp/hard/crtbegin.o
                [!provide]                        PROVIDE (__fini_array_end = .)
                0x0000000008009600                . = ALIGN (0x4)
                0x0000000008009600                _sidata = LOADADDR (.data)

.data           0x0000000020000000       0xfc load address 0x0000000008009600
                0x0000000020000000                . = ALIGN (0x4)
                0x0000000020000000                _sdata = .
 *(.data)
 *(.data*)
 .data.Lis302dlDrv
                0x0000000020000000       0x2c Drivers/BSP/Components/lis302dl/lis302dl.o
                0x0000000020000000                Lis302dlDrv
 .data.Lis3dshDrv
                0x000000002000002c       0x2c Drivers/BSP/Components/lis3dsh/lis3dsh.o
                0x000000002000002c                Lis3dshDrv
 .data.GPIO_PORT
                0x0000000020000058       0x10 Drivers/BSP/STM32F4-Discovery/stm32f4_discovery.o
                0x0000000020000058                GPIO_PORT
 .data.SpixTimeout
                0x0000000020000068        0x4 Drivers/BSP/STM32F4-Discovery/stm32f4_discovery.o
                0x0000000020000068                SpixTimeout
 .data.uwTickPrio
                0x000000002000006c        0x4 Drivers/STM32F4xx_HAL_Driver/Src/stm32f4xx_hal.o
                0x000000002000006c                uwTickPrio
 .data.uwTickFreq
                0x0000000020000070        0x1 Drivers/STM32F4xx_HAL_Driver/Src/stm32f4xx_hal.o
                0x0000000020000070                uwTickFreq
 *fill*         0x0000000020000071        0x3 
 .data.CDC_Class
                0x0000000020000074       0x20 Middlewares/ST/STM32_USB_Host_Library/Class/CDC/Src/usbh_cdc.o
                0x0000000020000074                CDC_Class
 .data.SystemCoreClock
                0x0000000020000094        0x4 Src/system_stm32f4xx.o
                0x0000000020000094                SystemCoreClock
 .data._impure_ptr
                0x0000000020000098        0x4 e:/programmes/stm32cubeide_1.1.0/stm32cubeide/plugins/com.st.stm32cube.ide.mcu.externaltools.gnu-tools-for-stm32.7-2018-q2-update.win32_1.0.0.201904181610/tools/bin/../lib/gcc/arm-none-eabi/7.3.1/../../../../arm-none-eabi/lib/thumb/v7e-m/fpv4-sp/hard\libc_nano.a(lib_a-impure.o)
                0x0000000020000098                _impure_ptr
 .data.impure_data
                0x000000002000009c       0x60 e:/programmes/stm32cubeide_1.1.0/stm32cubeide/plugins/com.st.stm32cube.ide.mcu.externaltools.gnu-tools-for-stm32.7-2018-q2-update.win32_1.0.0.201904181610/tools/bin/../lib/gcc/arm-none-eabi/7.3.1/../../../../arm-none-eabi/lib/thumb/v7e-m/fpv4-sp/hard\libc_nano.a(lib_a-impure.o)
                0x00000000200000fc                . = ALIGN (0x4)
                0x00000000200000fc                _edata = .

.igot.plt       0x00000000200000fc        0x0 load address 0x00000000080096fc
 .igot.plt      0x00000000200000fc        0x0 e:/programmes/stm32cubeide_1.1.0/stm32cubeide/plugins/com.st.stm32cube.ide.mcu.externaltools.gnu-tools-for-stm32.7-2018-q2-update.win32_1.0.0.201904181610/tools/bin/../lib/gcc/arm-none-eabi/7.3.1/thumb/v7e-m/fpv4-sp/hard/crtbegin.o
                0x00000000200000fc                . = ALIGN (0x4)

.bss            0x00000000200000fc      0x85c load address 0x00000000080096fc
                0x00000000200000fc                _sbss = .
                0x00000000200000fc                __bss_start__ = _sbss
 *(.bss)
 .bss           0x00000000200000fc       0x1c e:/programmes/stm32cubeide_1.1.0/stm32cubeide/plugins/com.st.stm32cube.ide.mcu.externaltools.gnu-tools-for-stm32.7-2018-q2-update.win32_1.0.0.201904181610/tools/bin/../lib/gcc/arm-none-eabi/7.3.1/thumb/v7e-m/fpv4-sp/hard/crtbegin.o
 *(.bss*)
 .bss.SpiHandle
                0x0000000020000118       0x58 Drivers/BSP/STM32F4-Discovery/stm32f4_discovery.o
 .bss.AcceleroDrv
                0x0000000020000170        0x4 Drivers/BSP/STM32F4-Discovery/stm32f4_discovery_accelerometer.o
 .bss.tmpreg.8941
                0x0000000020000174        0x4 Drivers/STM32F4xx_HAL_Driver/Src/stm32f4xx_ll_usb.o
 .bss.yval      0x0000000020000178        0x2 Src/main.o
                0x0000000020000178                yval
 *fill*         0x000000002000017a        0x2 
 .bss.heap_end.6424
                0x000000002000017c        0x4 Src/sysmem.o
 .bss.Appli_state
                0x0000000020000180        0x1 Src/usb_host.o
                0x0000000020000180                Appli_state
 *fill*         0x0000000020000181        0x3 
 .bss.__malloc_free_list
                0x0000000020000184        0x4 e:/programmes/stm32cubeide_1.1.0/stm32cubeide/plugins/com.st.stm32cube.ide.mcu.externaltools.gnu-tools-for-stm32.7-2018-q2-update.win32_1.0.0.201904181610/tools/bin/../lib/gcc/arm-none-eabi/7.3.1/../../../../arm-none-eabi/lib/thumb/v7e-m/fpv4-sp/hard\libc_nano.a(lib_a-nano-mallocr.o)
                0x0000000020000184                __malloc_free_list
 .bss.__malloc_sbrk_start
                0x0000000020000188        0x4 e:/programmes/stm32cubeide_1.1.0/stm32cubeide/plugins/com.st.stm32cube.ide.mcu.externaltools.gnu-tools-for-stm32.7-2018-q2-update.win32_1.0.0.201904181610/tools/bin/../lib/gcc/arm-none-eabi/7.3.1/../../../../arm-none-eabi/lib/thumb/v7e-m/fpv4-sp/hard\libc_nano.a(lib_a-nano-mallocr.o)
                0x0000000020000188                __malloc_sbrk_start
 *(COMMON)
 COMMON         0x000000002000018c        0x4 Drivers/STM32F4xx_HAL_Driver/Src/stm32f4xx_hal.o
                0x000000002000018c                uwTick
 COMMON         0x0000000020000190      0x131 Src/main.o
                0x0000000020000190                hi2c1
                0x00000000200001e4                xval
                0x00000000200001e8                huart4
                0x0000000020000228                hspi1
                0x0000000020000280                htim2
                0x00000000200002c0                e
 *fill*         0x00000000200002c1        0x3 
 COMMON         0x00000000200002c4      0x3cc Src/usb_host.o
                0x00000000200002c4                hUsbHostFS
 COMMON         0x0000000020000690      0x2c4 Src/usbh_conf.o
                0x0000000020000690                hhcd_USB_OTG_FS
 COMMON         0x0000000020000954        0x4 e:/programmes/stm32cubeide_1.1.0/stm32cubeide/plugins/com.st.stm32cube.ide.mcu.externaltools.gnu-tools-for-stm32.7-2018-q2-update.win32_1.0.0.201904181610/tools/bin/../lib/gcc/arm-none-eabi/7.3.1/../../../../arm-none-eabi/lib/thumb/v7e-m/fpv4-sp/hard\libc_nano.a(lib_a-reent.o)
                0x0000000020000954                errno
                0x0000000020000958                . = ALIGN (0x4)
                0x0000000020000958                _ebss = .
                0x0000000020000958                __bss_end__ = _ebss

._user_heap_stack
                0x0000000020000958      0x600 load address 0x00000000080096fc
                0x0000000020000958                . = ALIGN (0x8)
                0x0000000020000958                PROVIDE (end = .)
                [!provide]                        PROVIDE (_end = .)
                0x0000000020000b58                . = (. + _Min_Heap_Size)
 *fill*         0x0000000020000958      0x200 
                0x0000000020000f58                . = (. + _Min_Stack_Size)
 *fill*         0x0000000020000b58      0x400 
                0x0000000020000f58                . = ALIGN (0x8)

/DISCARD/
 libc.a(*)
 libm.a(*)
 libgcc.a(*)

.ARM.attributes
                0x0000000000000000       0x30
 *(.ARM.attributes)
 .ARM.attributes
                0x0000000000000000       0x22 e:/programmes/stm32cubeide_1.1.0/stm32cubeide/plugins/com.st.stm32cube.ide.mcu.externaltools.gnu-tools-for-stm32.7-2018-q2-update.win32_1.0.0.201904181610/tools/bin/../lib/gcc/arm-none-eabi/7.3.1/thumb/v7e-m/fpv4-sp/hard/crti.o
 .ARM.attributes
                0x0000000000000022       0x34 e:/programmes/stm32cubeide_1.1.0/stm32cubeide/plugins/com.st.stm32cube.ide.mcu.externaltools.gnu-tools-for-stm32.7-2018-q2-update.win32_1.0.0.201904181610/tools/bin/../lib/gcc/arm-none-eabi/7.3.1/thumb/v7e-m/fpv4-sp/hard/crtbegin.o
 .ARM.attributes
                0x0000000000000056       0x39 Drivers/BSP/Components/lis302dl/lis302dl.o
 .ARM.attributes
                0x000000000000008f       0x39 Drivers/BSP/Components/lis3dsh/lis3dsh.o
 .ARM.attributes
                0x00000000000000c8       0x39 Drivers/BSP/STM32F4-Discovery/stm32f4_discovery.o
 .ARM.attributes
                0x0000000000000101       0x39 Drivers/BSP/STM32F4-Discovery/stm32f4_discovery_accelerometer.o
 .ARM.attributes
                0x000000000000013a       0x39 Drivers/STM32F4xx_HAL_Driver/Src/stm32f4xx_hal.o
 .ARM.attributes
                0x0000000000000173       0x39 Drivers/STM32F4xx_HAL_Driver/Src/stm32f4xx_hal_cortex.o
 .ARM.attributes
                0x00000000000001ac       0x39 Drivers/STM32F4xx_HAL_Driver/Src/stm32f4xx_hal_dma.o
 .ARM.attributes
                0x00000000000001e5       0x39 Drivers/STM32F4xx_HAL_Driver/Src/stm32f4xx_hal_gpio.o
 .ARM.attributes
                0x000000000000021e       0x39 Drivers/STM32F4xx_HAL_Driver/Src/stm32f4xx_hal_hcd.o
 .ARM.attributes
                0x0000000000000257       0x39 Drivers/STM32F4xx_HAL_Driver/Src/stm32f4xx_hal_i2c.o
 .ARM.attributes
                0x0000000000000290       0x39 Drivers/STM32F4xx_HAL_Driver/Src/stm32f4xx_hal_rcc.o
 .ARM.attributes
                0x00000000000002c9       0x39 Drivers/STM32F4xx_HAL_Driver/Src/stm32f4xx_hal_spi.o
 .ARM.attributes
                0x0000000000000302       0x39 Drivers/STM32F4xx_HAL_Driver/Src/stm32f4xx_hal_tim.o
 .ARM.attributes
                0x000000000000033b       0x39 Drivers/STM32F4xx_HAL_Driver/Src/stm32f4xx_hal_tim_ex.o
 .ARM.attributes
                0x0000000000000374       0x39 Drivers/STM32F4xx_HAL_Driver/Src/stm32f4xx_hal_uart.o
 .ARM.attributes
                0x00000000000003ad       0x39 Drivers/STM32F4xx_HAL_Driver/Src/stm32f4xx_ll_usb.o
 .ARM.attributes
                0x00000000000003e6       0x39 Middlewares/ST/STM32_USB_Host_Library/Class/CDC/Src/usbh_cdc.o
 .ARM.attributes
                0x000000000000041f       0x39 Middlewares/ST/STM32_USB_Host_Library/Core/Src/usbh_core.o
 .ARM.attributes
                0x0000000000000458       0x39 Middlewares/ST/STM32_USB_Host_Library/Core/Src/usbh_ctlreq.o
 .ARM.attributes
                0x0000000000000491       0x39 Middlewares/ST/STM32_USB_Host_Library/Core/Src/usbh_ioreq.o
 .ARM.attributes
                0x00000000000004ca       0x39 Middlewares/ST/STM32_USB_Host_Library/Core/Src/usbh_pipes.o
 .ARM.attributes
                0x0000000000000503       0x39 Src/event.o
 .ARM.attributes
                0x000000000000053c       0x39 Src/main.o
 .ARM.attributes
                0x0000000000000575       0x39 Src/mems.o
 .ARM.attributes
                0x00000000000005ae       0x39 Src/stm32f4xx_hal_msp.o
 .ARM.attributes
                0x00000000000005e7       0x39 Src/stm32f4xx_it.o
 .ARM.attributes
                0x0000000000000620       0x39 Src/sysmem.o
 .ARM.attributes
                0x0000000000000659       0x39 Src/system_stm32f4xx.o
 .ARM.attributes
                0x0000000000000692       0x39 Src/usb_host.o
 .ARM.attributes
                0x00000000000006cb       0x39 Src/usbh_conf.o
 .ARM.attributes
                0x0000000000000704       0x39 Src/usbh_platform.o
 .ARM.attributes
                0x000000000000073d       0x21 Startup/startup_stm32f407vgtx.o
 .ARM.attributes
                0x000000000000075e       0x34 e:/programmes/stm32cubeide_1.1.0/stm32cubeide/plugins/com.st.stm32cube.ide.mcu.externaltools.gnu-tools-for-stm32.7-2018-q2-update.win32_1.0.0.201904181610/tools/bin/../lib/gcc/arm-none-eabi/7.3.1/../../../../arm-none-eabi/lib/thumb/v7e-m/fpv4-sp/hard\libc_nano.a(lib_a-errno.o)
 .ARM.attributes
                0x0000000000000792       0x34 e:/programmes/stm32cubeide_1.1.0/stm32cubeide/plugins/com.st.stm32cube.ide.mcu.externaltools.gnu-tools-for-stm32.7-2018-q2-update.win32_1.0.0.201904181610/tools/bin/../lib/gcc/arm-none-eabi/7.3.1/../../../../arm-none-eabi/lib/thumb/v7e-m/fpv4-sp/hard\libc_nano.a(lib_a-impure.o)
 .ARM.attributes
                0x00000000000007c6       0x34 e:/programmes/stm32cubeide_1.1.0/stm32cubeide/plugins/com.st.stm32cube.ide.mcu.externaltools.gnu-tools-for-stm32.7-2018-q2-update.win32_1.0.0.201904181610/tools/bin/../lib/gcc/arm-none-eabi/7.3.1/../../../../arm-none-eabi/lib/thumb/v7e-m/fpv4-sp/hard\libc_nano.a(lib_a-init.o)
 .ARM.attributes
                0x00000000000007fa       0x34 e:/programmes/stm32cubeide_1.1.0/stm32cubeide/plugins/com.st.stm32cube.ide.mcu.externaltools.gnu-tools-for-stm32.7-2018-q2-update.win32_1.0.0.201904181610/tools/bin/../lib/gcc/arm-none-eabi/7.3.1/../../../../arm-none-eabi/lib/thumb/v7e-m/fpv4-sp/hard\libc_nano.a(lib_a-malloc.o)
 .ARM.attributes
                0x000000000000082e       0x34 e:/programmes/stm32cubeide_1.1.0/stm32cubeide/plugins/com.st.stm32cube.ide.mcu.externaltools.gnu-tools-for-stm32.7-2018-q2-update.win32_1.0.0.201904181610/tools/bin/../lib/gcc/arm-none-eabi/7.3.1/../../../../arm-none-eabi/lib/thumb/v7e-m/fpv4-sp/hard\libc_nano.a(lib_a-memset.o)
 .ARM.attributes
                0x0000000000000862       0x34 e:/programmes/stm32cubeide_1.1.0/stm32cubeide/plugins/com.st.stm32cube.ide.mcu.externaltools.gnu-tools-for-stm32.7-2018-q2-update.win32_1.0.0.201904181610/tools/bin/../lib/gcc/arm-none-eabi/7.3.1/../../../../arm-none-eabi/lib/thumb/v7e-m/fpv4-sp/hard\libc_nano.a(lib_a-nano-freer.o)
 .ARM.attributes
                0x0000000000000896       0x34 e:/programmes/stm32cubeide_1.1.0/stm32cubeide/plugins/com.st.stm32cube.ide.mcu.externaltools.gnu-tools-for-stm32.7-2018-q2-update.win32_1.0.0.201904181610/tools/bin/../lib/gcc/arm-none-eabi/7.3.1/../../../../arm-none-eabi/lib/thumb/v7e-m/fpv4-sp/hard\libc_nano.a(lib_a-nano-mallocr.o)
 .ARM.attributes
                0x00000000000008ca       0x34 e:/programmes/stm32cubeide_1.1.0/stm32cubeide/plugins/com.st.stm32cube.ide.mcu.externaltools.gnu-tools-for-stm32.7-2018-q2-update.win32_1.0.0.201904181610/tools/bin/../lib/gcc/arm-none-eabi/7.3.1/../../../../arm-none-eabi/lib/thumb/v7e-m/fpv4-sp/hard\libc_nano.a(lib_a-sbrkr.o)
 .ARM.attributes
                0x00000000000008fe       0x34 e:/programmes/stm32cubeide_1.1.0/stm32cubeide/plugins/com.st.stm32cube.ide.mcu.externaltools.gnu-tools-for-stm32.7-2018-q2-update.win32_1.0.0.201904181610/tools/bin/../lib/gcc/arm-none-eabi/7.3.1/../../../../arm-none-eabi/lib/thumb/v7e-m/fpv4-sp/hard\libc_nano.a(lib_a-mlock.o)
 .ARM.attributes
                0x0000000000000932       0x34 e:/programmes/stm32cubeide_1.1.0/stm32cubeide/plugins/com.st.stm32cube.ide.mcu.externaltools.gnu-tools-for-stm32.7-2018-q2-update.win32_1.0.0.201904181610/tools/bin/../lib/gcc/arm-none-eabi/7.3.1/../../../../arm-none-eabi/lib/thumb/v7e-m/fpv4-sp/hard\libc_nano.a(lib_a-reent.o)
 .ARM.attributes
                0x0000000000000966       0x22 e:/programmes/stm32cubeide_1.1.0/stm32cubeide/plugins/com.st.stm32cube.ide.mcu.externaltools.gnu-tools-for-stm32.7-2018-q2-update.win32_1.0.0.201904181610/tools/bin/../lib/gcc/arm-none-eabi/7.3.1/thumb/v7e-m/fpv4-sp/hard\libgcc.a(_aeabi_uldivmod.o)
 .ARM.attributes
                0x0000000000000988       0x34 e:/programmes/stm32cubeide_1.1.0/stm32cubeide/plugins/com.st.stm32cube.ide.mcu.externaltools.gnu-tools-for-stm32.7-2018-q2-update.win32_1.0.0.201904181610/tools/bin/../lib/gcc/arm-none-eabi/7.3.1/thumb/v7e-m/fpv4-sp/hard\libgcc.a(_udivmoddi4.o)
 .ARM.attributes
                0x00000000000009bc       0x22 e:/programmes/stm32cubeide_1.1.0/stm32cubeide/plugins/com.st.stm32cube.ide.mcu.externaltools.gnu-tools-for-stm32.7-2018-q2-update.win32_1.0.0.201904181610/tools/bin/../lib/gcc/arm-none-eabi/7.3.1/thumb/v7e-m/fpv4-sp/hard\libgcc.a(_dvmd_tls.o)
 .ARM.attributes
                0x00000000000009de       0x22 e:/programmes/stm32cubeide_1.1.0/stm32cubeide/plugins/com.st.stm32cube.ide.mcu.externaltools.gnu-tools-for-stm32.7-2018-q2-update.win32_1.0.0.201904181610/tools/bin/../lib/gcc/arm-none-eabi/7.3.1/thumb/v7e-m/fpv4-sp/hard/crtn.o
OUTPUT(Accelerometer.elf elf32-littlearm)

.debug_info     0x0000000000000000    0x1f1d2
 .debug_info    0x0000000000000000      0x49b Drivers/BSP/Components/lis302dl/lis302dl.o
 .debug_info    0x000000000000049b      0x44a Drivers/BSP/Components/lis3dsh/lis3dsh.o
 .debug_info    0x00000000000008e5      0xef3 Drivers/BSP/STM32F4-Discovery/stm32f4_discovery.o
 .debug_info    0x00000000000017d8      0x4b0 Drivers/BSP/STM32F4-Discovery/stm32f4_discovery_accelerometer.o
 .debug_info    0x0000000000001c88      0x945 Drivers/STM32F4xx_HAL_Driver/Src/stm32f4xx_hal.o
 .debug_info    0x00000000000025cd      0xe28 Drivers/STM32F4xx_HAL_Driver/Src/stm32f4xx_hal_cortex.o
 .debug_info    0x00000000000033f5      0x968 Drivers/STM32F4xx_HAL_Driver/Src/stm32f4xx_hal_dma.o
 .debug_info    0x0000000000003d5d      0x7b5 Drivers/STM32F4xx_HAL_Driver/Src/stm32f4xx_hal_gpio.o
 .debug_info    0x0000000000004512      0xe39 Drivers/STM32F4xx_HAL_Driver/Src/stm32f4xx_hal_hcd.o
 .debug_info    0x000000000000534b     0x23b5 Drivers/STM32F4xx_HAL_Driver/Src/stm32f4xx_hal_i2c.o
 .debug_info    0x0000000000007700      0x904 Drivers/STM32F4xx_HAL_Driver/Src/stm32f4xx_hal_rcc.o
 .debug_info    0x0000000000008004     0x163a Drivers/STM32F4xx_HAL_Driver/Src/stm32f4xx_hal_spi.o
 .debug_info    0x000000000000963e     0x24a9 Drivers/STM32F4xx_HAL_Driver/Src/stm32f4xx_hal_tim.o
 .debug_info    0x000000000000bae7     0x1157 Drivers/STM32F4xx_HAL_Driver/Src/stm32f4xx_hal_tim_ex.o
 .debug_info    0x000000000000cc3e     0x124c Drivers/STM32F4xx_HAL_Driver/Src/stm32f4xx_hal_uart.o
 .debug_info    0x000000000000de8a     0x18dd Drivers/STM32F4xx_HAL_Driver/Src/stm32f4xx_ll_usb.o
 .debug_info    0x000000000000f767     0x1bbe Middlewares/ST/STM32_USB_Host_Library/Class/CDC/Src/usbh_cdc.o
 .debug_info    0x0000000000011325     0x178e Middlewares/ST/STM32_USB_Host_Library/Core/Src/usbh_core.o
 .debug_info    0x0000000000012ab3     0x185d Middlewares/ST/STM32_USB_Host_Library/Core/Src/usbh_ctlreq.o
 .debug_info    0x0000000000014310     0x15ca Middlewares/ST/STM32_USB_Host_Library/Core/Src/usbh_ioreq.o
 .debug_info    0x00000000000158da     0x140c Middlewares/ST/STM32_USB_Host_Library/Core/Src/usbh_pipes.o
 .debug_info    0x0000000000016ce6       0xaf Src/event.o
 .debug_info    0x0000000000016d95     0x1565 Src/main.o
 .debug_info    0x00000000000182fa      0x33d Src/mems.o
 .debug_info    0x0000000000018637     0x1590 Src/stm32f4xx_hal_msp.o
 .debug_info    0x0000000000019bc7      0xeb4 Src/stm32f4xx_it.o
 .debug_info    0x000000000001aa7b      0x91c Src/sysmem.o
 .debug_info    0x000000000001b397      0x554 Src/system_stm32f4xx.o
 .debug_info    0x000000000001b8eb     0x1360 Src/usb_host.o
 .debug_info    0x000000000001cc4b     0x22eb Src/usbh_conf.o
 .debug_info    0x000000000001ef36      0x27a Src/usbh_platform.o
 .debug_info    0x000000000001f1b0       0x22 Startup/startup_stm32f407vgtx.o

.debug_abbrev   0x0000000000000000     0x42b6
 .debug_abbrev  0x0000000000000000      0x17c Drivers/BSP/Components/lis302dl/lis302dl.o
 .debug_abbrev  0x000000000000017c      0x17c Drivers/BSP/Components/lis3dsh/lis3dsh.o
 .debug_abbrev  0x00000000000002f8      0x244 Drivers/BSP/STM32F4-Discovery/stm32f4_discovery.o
 .debug_abbrev  0x000000000000053c      0x17b Drivers/BSP/STM32F4-Discovery/stm32f4_discovery_accelerometer.o
 .debug_abbrev  0x00000000000006b7      0x1c7 Drivers/STM32F4xx_HAL_Driver/Src/stm32f4xx_hal.o
 .debug_abbrev  0x000000000000087e      0x2fa Drivers/STM32F4xx_HAL_Driver/Src/stm32f4xx_hal_cortex.o
 .debug_abbrev  0x0000000000000b78      0x229 Drivers/STM32F4xx_HAL_Driver/Src/stm32f4xx_hal_dma.o
 .debug_abbrev  0x0000000000000da1      0x1c9 Drivers/STM32F4xx_HAL_Driver/Src/stm32f4xx_hal_gpio.o
 .debug_abbrev  0x0000000000000f6a      0x255 Drivers/STM32F4xx_HAL_Driver/Src/stm32f4xx_hal_hcd.o
 .debug_abbrev  0x00000000000011bf      0x254 Drivers/STM32F4xx_HAL_Driver/Src/stm32f4xx_hal_i2c.o
 .debug_abbrev  0x0000000000001413      0x245 Drivers/STM32F4xx_HAL_Driver/Src/stm32f4xx_hal_rcc.o
 .debug_abbrev  0x0000000000001658      0x240 Drivers/STM32F4xx_HAL_Driver/Src/stm32f4xx_hal_spi.o
 .debug_abbrev  0x0000000000001898      0x230 Drivers/STM32F4xx_HAL_Driver/Src/stm32f4xx_hal_tim.o
 .debug_abbrev  0x0000000000001ac8      0x21e Drivers/STM32F4xx_HAL_Driver/Src/stm32f4xx_hal_tim_ex.o
 .debug_abbrev  0x0000000000001ce6      0x242 Drivers/STM32F4xx_HAL_Driver/Src/stm32f4xx_hal_uart.o
 .debug_abbrev  0x0000000000001f28      0x26d Drivers/STM32F4xx_HAL_Driver/Src/stm32f4xx_ll_usb.o
 .debug_abbrev  0x0000000000002195      0x322 Middlewares/ST/STM32_USB_Host_Library/Class/CDC/Src/usbh_cdc.o
 .debug_abbrev  0x00000000000024b7      0x37c Middlewares/ST/STM32_USB_Host_Library/Core/Src/usbh_core.o
 .debug_abbrev  0x0000000000002833      0x335 Middlewares/ST/STM32_USB_Host_Library/Core/Src/usbh_ctlreq.o
 .debug_abbrev  0x0000000000002b68      0x293 Middlewares/ST/STM32_USB_Host_Library/Core/Src/usbh_ioreq.o
 .debug_abbrev  0x0000000000002dfb      0x2cb Middlewares/ST/STM32_USB_Host_Library/Core/Src/usbh_pipes.o
 .debug_abbrev  0x00000000000030c6       0xa0 Src/event.o
 .debug_abbrev  0x0000000000003166      0x259 Src/main.o
 .debug_abbrev  0x00000000000033bf      0x13f Src/mems.o
 .debug_abbrev  0x00000000000034fe      0x20a Src/stm32f4xx_hal_msp.o
 .debug_abbrev  0x0000000000003708      0x1cd Src/stm32f4xx_it.o
 .debug_abbrev  0x00000000000038d5      0x1bb Src/sysmem.o
 .debug_abbrev  0x0000000000003a90      0x12b Src/system_stm32f4xx.o
 .debug_abbrev  0x0000000000003bbb      0x282 Src/usb_host.o
 .debug_abbrev  0x0000000000003e3d      0x363 Src/usbh_conf.o
 .debug_abbrev  0x00000000000041a0      0x104 Src/usbh_platform.o
 .debug_abbrev  0x00000000000042a4       0x12 Startup/startup_stm32f407vgtx.o

.debug_aranges  0x0000000000000000     0x1898
 .debug_aranges
                0x0000000000000000       0x70 Drivers/BSP/Components/lis302dl/lis302dl.o
 .debug_aranges
                0x0000000000000070       0x60 Drivers/BSP/Components/lis3dsh/lis3dsh.o
 .debug_aranges
                0x00000000000000d0       0x80 Drivers/BSP/STM32F4-Discovery/stm32f4_discovery.o
 .debug_aranges
                0x0000000000000150       0x48 Drivers/BSP/STM32F4-Discovery/stm32f4_discovery_accelerometer.o
 .debug_aranges
                0x0000000000000198       0xf0 Drivers/STM32F4xx_HAL_Driver/Src/stm32f4xx_hal.o
 .debug_aranges
                0x0000000000000288      0x118 Drivers/STM32F4xx_HAL_Driver/Src/stm32f4xx_hal_cortex.o
 .debug_aranges
                0x00000000000003a0       0x90 Drivers/STM32F4xx_HAL_Driver/Src/stm32f4xx_hal_dma.o
 .debug_aranges
                0x0000000000000430       0x58 Drivers/STM32F4xx_HAL_Driver/Src/stm32f4xx_hal_gpio.o
 .debug_aranges
                0x0000000000000488       0xf0 Drivers/STM32F4xx_HAL_Driver/Src/stm32f4xx_hal_hcd.o
 .debug_aranges
                0x0000000000000578      0x298 Drivers/STM32F4xx_HAL_Driver/Src/stm32f4xx_hal_i2c.o
 .debug_aranges
                0x0000000000000810       0x88 Drivers/STM32F4xx_HAL_Driver/Src/stm32f4xx_hal_rcc.o
 .debug_aranges
                0x0000000000000898      0x1d0 Drivers/STM32F4xx_HAL_Driver/Src/stm32f4xx_hal_spi.o
 .debug_aranges
                0x0000000000000a68      0x3a8 Drivers/STM32F4xx_HAL_Driver/Src/stm32f4xx_hal_tim.o
 .debug_aranges
                0x0000000000000e10      0x150 Drivers/STM32F4xx_HAL_Driver/Src/stm32f4xx_hal_tim_ex.o
 .debug_aranges
                0x0000000000000f60      0x1d0 Drivers/STM32F4xx_HAL_Driver/Src/stm32f4xx_hal_uart.o
 .debug_aranges
                0x0000000000001130      0x198 Drivers/STM32F4xx_HAL_Driver/Src/stm32f4xx_ll_usb.o
 .debug_aranges
                0x00000000000012c8       0xa8 Middlewares/ST/STM32_USB_Host_Library/Class/CDC/Src/usbh_cdc.o
 .debug_aranges
                0x0000000000001370       0xc0 Middlewares/ST/STM32_USB_Host_Library/Core/Src/usbh_core.o
 .debug_aranges
                0x0000000000001430       0xa0 Middlewares/ST/STM32_USB_Host_Library/Core/Src/usbh_ctlreq.o
 .debug_aranges
                0x00000000000014d0       0x60 Middlewares/ST/STM32_USB_Host_Library/Core/Src/usbh_ioreq.o
 .debug_aranges
                0x0000000000001530       0x40 Middlewares/ST/STM32_USB_Host_Library/Core/Src/usbh_pipes.o
 .debug_aranges
                0x0000000000001570       0x30 Src/event.o
 .debug_aranges
                0x00000000000015a0       0x68 Src/main.o
 .debug_aranges
                0x0000000000001608       0x20 Src/mems.o
 .debug_aranges
                0x0000000000001628       0x60 Src/stm32f4xx_hal_msp.o
 .debug_aranges
                0x0000000000001688       0x78 Src/stm32f4xx_it.o
 .debug_aranges
                0x0000000000001700       0x20 Src/sysmem.o
 .debug_aranges
                0x0000000000001720       0x28 Src/system_stm32f4xx.o
 .debug_aranges
                0x0000000000001748       0x30 Src/usb_host.o
 .debug_aranges
                0x0000000000001778       0xd8 Src/usbh_conf.o
 .debug_aranges
                0x0000000000001850       0x20 Src/usbh_platform.o
 .debug_aranges
                0x0000000000001870       0x28 Startup/startup_stm32f407vgtx.o

.debug_ranges   0x0000000000000000     0x16c0
 .debug_ranges  0x0000000000000000       0x60 Drivers/BSP/Components/lis302dl/lis302dl.o
 .debug_ranges  0x0000000000000060       0x50 Drivers/BSP/Components/lis3dsh/lis3dsh.o
 .debug_ranges  0x00000000000000b0       0x70 Drivers/BSP/STM32F4-Discovery/stm32f4_discovery.o
 .debug_ranges  0x0000000000000120       0x38 Drivers/BSP/STM32F4-Discovery/stm32f4_discovery_accelerometer.o
 .debug_ranges  0x0000000000000158       0xe0 Drivers/STM32F4xx_HAL_Driver/Src/stm32f4xx_hal.o
 .debug_ranges  0x0000000000000238      0x108 Drivers/STM32F4xx_HAL_Driver/Src/stm32f4xx_hal_cortex.o
 .debug_ranges  0x0000000000000340       0x80 Drivers/STM32F4xx_HAL_Driver/Src/stm32f4xx_hal_dma.o
 .debug_ranges  0x00000000000003c0       0x48 Drivers/STM32F4xx_HAL_Driver/Src/stm32f4xx_hal_gpio.o
 .debug_ranges  0x0000000000000408       0xe0 Drivers/STM32F4xx_HAL_Driver/Src/stm32f4xx_hal_hcd.o
 .debug_ranges  0x00000000000004e8      0x2a8 Drivers/STM32F4xx_HAL_Driver/Src/stm32f4xx_hal_i2c.o
 .debug_ranges  0x0000000000000790       0x78 Drivers/STM32F4xx_HAL_Driver/Src/stm32f4xx_hal_rcc.o
 .debug_ranges  0x0000000000000808      0x1c0 Drivers/STM32F4xx_HAL_Driver/Src/stm32f4xx_hal_spi.o
 .debug_ranges  0x00000000000009c8      0x398 Drivers/STM32F4xx_HAL_Driver/Src/stm32f4xx_hal_tim.o
 .debug_ranges  0x0000000000000d60      0x140 Drivers/STM32F4xx_HAL_Driver/Src/stm32f4xx_hal_tim_ex.o
 .debug_ranges  0x0000000000000ea0      0x1c0 Drivers/STM32F4xx_HAL_Driver/Src/stm32f4xx_hal_uart.o
 .debug_ranges  0x0000000000001060      0x188 Drivers/STM32F4xx_HAL_Driver/Src/stm32f4xx_ll_usb.o
 .debug_ranges  0x00000000000011e8       0x98 Middlewares/ST/STM32_USB_Host_Library/Class/CDC/Src/usbh_cdc.o
 .debug_ranges  0x0000000000001280       0xb0 Middlewares/ST/STM32_USB_Host_Library/Core/Src/usbh_core.o
 .debug_ranges  0x0000000000001330       0x90 Middlewares/ST/STM32_USB_Host_Library/Core/Src/usbh_ctlreq.o
 .debug_ranges  0x00000000000013c0       0x50 Middlewares/ST/STM32_USB_Host_Library/Core/Src/usbh_ioreq.o
 .debug_ranges  0x0000000000001410       0x30 Middlewares/ST/STM32_USB_Host_Library/Core/Src/usbh_pipes.o
 .debug_ranges  0x0000000000001440       0x20 Src/event.o
 .debug_ranges  0x0000000000001460       0x58 Src/main.o
 .debug_ranges  0x00000000000014b8       0x10 Src/mems.o
 .debug_ranges  0x00000000000014c8       0x50 Src/stm32f4xx_hal_msp.o
 .debug_ranges  0x0000000000001518       0x68 Src/stm32f4xx_it.o
 .debug_ranges  0x0000000000001580       0x10 Src/sysmem.o
 .debug_ranges  0x0000000000001590       0x18 Src/system_stm32f4xx.o
 .debug_ranges  0x00000000000015a8       0x20 Src/usb_host.o
 .debug_ranges  0x00000000000015c8       0xc8 Src/usbh_conf.o
 .debug_ranges  0x0000000000001690       0x10 Src/usbh_platform.o
 .debug_ranges  0x00000000000016a0       0x20 Startup/startup_stm32f407vgtx.o

.debug_macro    0x0000000000000000    0x263b8
 .debug_macro   0x0000000000000000       0x7c Drivers/BSP/Components/lis302dl/lis302dl.o
 .debug_macro   0x000000000000007c      0xa5a Drivers/BSP/Components/lis302dl/lis302dl.o
 .debug_macro   0x0000000000000ad6       0x22 Drivers/BSP/Components/lis302dl/lis302dl.o
 .debug_macro   0x0000000000000af8       0x8e Drivers/BSP/Components/lis302dl/lis302dl.o
 .debug_macro   0x0000000000000b86       0x51 Drivers/BSP/Components/lis302dl/lis302dl.o
 .debug_macro   0x0000000000000bd7       0xef Drivers/BSP/Components/lis302dl/lis302dl.o
 .debug_macro   0x0000000000000cc6       0x6a Drivers/BSP/Components/lis302dl/lis302dl.o
 .debug_macro   0x0000000000000d30      0x1df Drivers/BSP/Components/lis302dl/lis302dl.o
 .debug_macro   0x0000000000000f0f      0x1d1 Drivers/BSP/Components/lis302dl/lis302dl.o
 .debug_macro   0x00000000000010e0       0x7c Drivers/BSP/Components/lis3dsh/lis3dsh.o
 .debug_macro   0x000000000000115c      0x428 Drivers/BSP/Components/lis3dsh/lis3dsh.o
 .debug_macro   0x0000000000001584      0x238 Drivers/BSP/STM32F4-Discovery/stm32f4_discovery.o
 .debug_macro   0x00000000000017bc      0x19c Drivers/BSP/STM32F4-Discovery/stm32f4_discovery.o
 .debug_macro   0x0000000000001958       0x32 Drivers/BSP/STM32F4-Discovery/stm32f4_discovery.o
 .debug_macro   0x000000000000198a       0x2f Drivers/BSP/STM32F4-Discovery/stm32f4_discovery.o
 .debug_macro   0x00000000000019b9       0x1c Drivers/BSP/STM32F4-Discovery/stm32f4_discovery.o
 .debug_macro   0x00000000000019d5       0x22 Drivers/BSP/STM32F4-Discovery/stm32f4_discovery.o
 .debug_macro   0x00000000000019f7       0xdf Drivers/BSP/STM32F4-Discovery/stm32f4_discovery.o
 .debug_macro   0x0000000000001ad6     0x102d Drivers/BSP/STM32F4-Discovery/stm32f4_discovery.o
 .debug_macro   0x0000000000002b03      0x11f Drivers/BSP/STM32F4-Discovery/stm32f4_discovery.o
 .debug_macro   0x0000000000002c22    0x15e3c Drivers/BSP/STM32F4-Discovery/stm32f4_discovery.o